23:58:38 **** Build of configuration Debug for project STM32F769I_Discovery_2_Images_SECoreBin ****
make -j6 all 
arm-atollic-eabi-gcc -c "/data/workspace/01-PROJECTS/OTA-DFU/STM32CubeExpansion_SBSFU_V2.1.0/Middlewares/ST/STM32_Secure_Engine/Core/se_bootinfo.c" -mthumb -mcpu=cortex-m7 -mfloat-abi=softfp -mfpu=fpv5-sp-d16 -std=gnu11 -DUSE_HAL_DRIVER -DSTM32F769xx -DUSE_STM32F769I_DISCO -I../../../Inc -I../../../../2_Images_SBSFU/SBSFU/App -I../../../../Linker_Common/SW4STM32 -I"/data/long-term-storage/STM32Cube/Repository/STM32Cube_FW_F7_V1.14.0/Drivers/CMSIS/Include" -I"../../../../STM32CubeExpansion_SBSFU_V2.1.0/Middlewares/ST/STM32_Secure_Engine/Key" -I"../../../../STM32CubeExpansion_SBSFU_V2.1.0/Middlewares/ST/STM32_Secure_Engine/Core" -I"../../../../STM32CubeExpansion_SBSFU_V2.1.0/Middlewares/ST/STM32_Cryptographic/Fw_Crypto/STM32F7/Inc" -I"/data/long-term-storage/STM32Cube/Repository/STM32Cube_FW_F7_V1.14.0/Drivers/BSP/Components" -I"/data/long-term-storage/STM32Cube/Repository/STM32Cube_FW_F7_V1.14.0/Drivers/BSP/STM32F769I-Discovery" -I"/data/long-term-storage/STM32Cube/Repository/STM32Cube_FW_F7_V1.14.0/Drivers/STM32F7xx_HAL_Driver/Inc" -I"/data/long-term-storage/STM32Cube/Repository/STM32Cube_FW_F7_V1.14.0/Drivers/CMSIS/Device/ST/STM32F7xx/Include" -Os -ffunction-sections -g3 -fstack-usage -Wall -fmessage-length=0 -Wno-strict-aliasing -MMD -MP -MF"Middlewares/STM32_Secure_Engine/se_bootinfo.d" -MT"Middlewares/STM32_Secure_Engine/se_bootinfo.o" -specs=nano.specs -o "Middlewares/STM32_Secure_Engine/se_bootinfo.o"
arm-atollic-eabi-gcc -c "/data/workspace/01-PROJECTS/OTA-DFU/STM32CubeExpansion_SBSFU_V2.1.0/Middlewares/ST/STM32_Secure_Engine/Core/se_callgate.c" -mthumb -mcpu=cortex-m7 -mfloat-abi=softfp -mfpu=fpv5-sp-d16 -std=gnu11 -DUSE_HAL_DRIVER -DSTM32F769xx -DUSE_STM32F769I_DISCO -I../../../Inc -I../../../../2_Images_SBSFU/SBSFU/App -I../../../../Linker_Common/SW4STM32 -I"/data/long-term-storage/STM32Cube/Repository/STM32Cube_FW_F7_V1.14.0/Drivers/CMSIS/Include" -I"../../../../STM32CubeExpansion_SBSFU_V2.1.0/Middlewares/ST/STM32_Secure_Engine/Key" -I"../../../../STM32CubeExpansion_SBSFU_V2.1.0/Middlewares/ST/STM32_Secure_Engine/Core" -I"../../../../STM32CubeExpansion_SBSFU_V2.1.0/Middlewares/ST/STM32_Cryptographic/Fw_Crypto/STM32F7/Inc" -I"/data/long-term-storage/STM32Cube/Repository/STM32Cube_FW_F7_V1.14.0/Drivers/BSP/Components" -I"/data/long-term-storage/STM32Cube/Repository/STM32Cube_FW_F7_V1.14.0/Drivers/BSP/STM32F769I-Discovery" -I"/data/long-term-storage/STM32Cube/Repository/STM32Cube_FW_F7_V1.14.0/Drivers/STM32F7xx_HAL_Driver/Inc" -I"/data/long-term-storage/STM32Cube/Repository/STM32Cube_FW_F7_V1.14.0/Drivers/CMSIS/Device/ST/STM32F7xx/Include" -Os -ffunction-sections -g3 -fstack-usage -Wall -fmessage-length=0 -Wno-strict-aliasing -MMD -MP -MF"Middlewares/STM32_Secure_Engine/se_callgate.d" -MT"Middlewares/STM32_Secure_Engine/se_callgate.o" -specs=nano.specs -o "Middlewares/STM32_Secure_Engine/se_callgate.o"
arm-atollic-eabi-gcc -c "/data/workspace/01-PROJECTS/OTA-DFU/STM32CubeExpansion_SBSFU_V2.1.0/Middlewares/ST/STM32_Secure_Engine/Core/se_crypto_common.c" -mthumb -mcpu=cortex-m7 -mfloat-abi=softfp -mfpu=fpv5-sp-d16 -std=gnu11 -DUSE_HAL_DRIVER -DSTM32F769xx -DUSE_STM32F769I_DISCO -I../../../Inc -I../../../../2_Images_SBSFU/SBSFU/App -I../../../../Linker_Common/SW4STM32 -I"/data/long-term-storage/STM32Cube/Repository/STM32Cube_FW_F7_V1.14.0/Drivers/CMSIS/Include" -I"../../../../STM32CubeExpansion_SBSFU_V2.1.0/Middlewares/ST/STM32_Secure_Engine/Key" -I"../../../../STM32CubeExpansion_SBSFU_V2.1.0/Middlewares/ST/STM32_Secure_Engine/Core" -I"../../../../STM32CubeExpansion_SBSFU_V2.1.0/Middlewares/ST/STM32_Cryptographic/Fw_Crypto/STM32F7/Inc" -I"/data/long-term-storage/STM32Cube/Repository/STM32Cube_FW_F7_V1.14.0/Drivers/BSP/Components" -I"/data/long-term-storage/STM32Cube/Repository/STM32Cube_FW_F7_V1.14.0/Drivers/BSP/STM32F769I-Discovery" -I"/data/long-term-storage/STM32Cube/Repository/STM32Cube_FW_F7_V1.14.0/Drivers/STM32F7xx_HAL_Driver/Inc" -I"/data/long-term-storage/STM32Cube/Repository/STM32Cube_FW_F7_V1.14.0/Drivers/CMSIS/Device/ST/STM32F7xx/Include" -Os -ffunction-sections -g3 -fstack-usage -Wall -fmessage-length=0 -Wno-strict-aliasing -MMD -MP -MF"Middlewares/STM32_Secure_Engine/se_crypto_common.d" -MT"Middlewares/STM32_Secure_Engine/se_crypto_common.o" -specs=nano.specs -o "Middlewares/STM32_Secure_Engine/se_crypto_common.o"
arm-atollic-eabi-gcc -c "/data/workspace/01-PROJECTS/OTA-DFU/STM32CubeExpansion_SBSFU_V2.1.0/Middlewares/ST/STM32_Secure_Engine/Core/se_exception.c" -mthumb -mcpu=cortex-m7 -mfloat-abi=softfp -mfpu=fpv5-sp-d16 -std=gnu11 -DUSE_HAL_DRIVER -DSTM32F769xx -DUSE_STM32F769I_DISCO -I../../../Inc -I../../../../2_Images_SBSFU/SBSFU/App -I../../../../Linker_Common/SW4STM32 -I"/data/long-term-storage/STM32Cube/Repository/STM32Cube_FW_F7_V1.14.0/Drivers/CMSIS/Include" -I"../../../../STM32CubeExpansion_SBSFU_V2.1.0/Middlewares/ST/STM32_Secure_Engine/Key" -I"../../../../STM32CubeExpansion_SBSFU_V2.1.0/Middlewares/ST/STM32_Secure_Engine/Core" -I"../../../../STM32CubeExpansion_SBSFU_V2.1.0/Middlewares/ST/STM32_Cryptographic/Fw_Crypto/STM32F7/Inc" -I"/data/long-term-storage/STM32Cube/Repository/STM32Cube_FW_F7_V1.14.0/Drivers/BSP/Components" -I"/data/long-term-storage/STM32Cube/Repository/STM32Cube_FW_F7_V1.14.0/Drivers/BSP/STM32F769I-Discovery" -I"/data/long-term-storage/STM32Cube/Repository/STM32Cube_FW_F7_V1.14.0/Drivers/STM32F7xx_HAL_Driver/Inc" -I"/data/long-term-storage/STM32Cube/Repository/STM32Cube_FW_F7_V1.14.0/Drivers/CMSIS/Device/ST/STM32F7xx/Include" -Os -ffunction-sections -g3 -fstack-usage -Wall -fmessage-length=0 -Wno-strict-aliasing -MMD -MP -MF"Middlewares/STM32_Secure_Engine/se_exception.d" -MT"Middlewares/STM32_Secure_Engine/se_exception.o" -specs=nano.specs -o "Middlewares/STM32_Secure_Engine/se_exception.o"
arm-atollic-eabi-gcc -c "/data/workspace/01-PROJECTS/OTA-DFU/STM32CubeExpansion_SBSFU_V2.1.0/Middlewares/ST/STM32_Secure_Engine/Core/se_fwimg.c" -mthumb -mcpu=cortex-m7 -mfloat-abi=softfp -mfpu=fpv5-sp-d16 -std=gnu11 -DUSE_HAL_DRIVER -DSTM32F769xx -DUSE_STM32F769I_DISCO -I../../../Inc -I../../../../2_Images_SBSFU/SBSFU/App -I../../../../Linker_Common/SW4STM32 -I"/data/long-term-storage/STM32Cube/Repository/STM32Cube_FW_F7_V1.14.0/Drivers/CMSIS/Include" -I"../../../../STM32CubeExpansion_SBSFU_V2.1.0/Middlewares/ST/STM32_Secure_Engine/Key" -I"../../../../STM32CubeExpansion_SBSFU_V2.1.0/Middlewares/ST/STM32_Secure_Engine/Core" -I"../../../../STM32CubeExpansion_SBSFU_V2.1.0/Middlewares/ST/STM32_Cryptographic/Fw_Crypto/STM32F7/Inc" -I"/data/long-term-storage/STM32Cube/Repository/STM32Cube_FW_F7_V1.14.0/Drivers/BSP/Components" -I"/data/long-term-storage/STM32Cube/Repository/STM32Cube_FW_F7_V1.14.0/Drivers/BSP/STM32F769I-Discovery" -I"/data/long-term-storage/STM32Cube/Repository/STM32Cube_FW_F7_V1.14.0/Drivers/STM32F7xx_HAL_Driver/Inc" -I"/data/long-term-storage/STM32Cube/Repository/STM32Cube_FW_F7_V1.14.0/Drivers/CMSIS/Device/ST/STM32F7xx/Include" -Os -ffunction-sections -g3 -fstack-usage -Wall -fmessage-length=0 -Wno-strict-aliasing -MMD -MP -MF"Middlewares/STM32_Secure_Engine/se_fwimg.d" -MT"Middlewares/STM32_Secure_Engine/se_fwimg.o" -specs=nano.specs -o "Middlewares/STM32_Secure_Engine/se_fwimg.o"
arm-atollic-eabi-gcc -c -mthumb -mcpu=cortex-m7 -mfloat-abi=softfp -mfpu=fpv5-sp-d16 -g -Wa,--warn -x assembler-with-cpp -specs=nano.specs -o "Middlewares/STM32_Secure_Engine/se_stack_smuggler_GNU.o" "/data/workspace/01-PROJECTS/OTA-DFU/STM32CubeExpansion_SBSFU_V2.1.0/Middlewares/ST/STM32_Secure_Engine/Core/se_stack_smuggler_GNU.s"
arm-atollic-eabi-gcc -c "/data/workspace/01-PROJECTS/OTA-DFU/STM32CubeExpansion_SBSFU_V2.1.0/Middlewares/ST/STM32_Secure_Engine/Core/se_startup.c" -mthumb -mcpu=cortex-m7 -mfloat-abi=softfp -mfpu=fpv5-sp-d16 -std=gnu11 -DUSE_HAL_DRIVER -DSTM32F769xx -DUSE_STM32F769I_DISCO -I../../../Inc -I../../../../2_Images_SBSFU/SBSFU/App -I../../../../Linker_Common/SW4STM32 -I"/data/long-term-storage/STM32Cube/Repository/STM32Cube_FW_F7_V1.14.0/Drivers/CMSIS/Include" -I"../../../../STM32CubeExpansion_SBSFU_V2.1.0/Middlewares/ST/STM32_Secure_Engine/Key" -I"../../../../STM32CubeExpansion_SBSFU_V2.1.0/Middlewares/ST/STM32_Secure_Engine/Core" -I"../../../../STM32CubeExpansion_SBSFU_V2.1.0/Middlewares/ST/STM32_Cryptographic/Fw_Crypto/STM32F7/Inc" -I"/data/long-term-storage/STM32Cube/Repository/STM32Cube_FW_F7_V1.14.0/Drivers/BSP/Components" -I"/data/long-term-storage/STM32Cube/Repository/STM32Cube_FW_F7_V1.14.0/Drivers/BSP/STM32F769I-Discovery" -I"/data/long-term-storage/STM32Cube/Repository/STM32Cube_FW_F7_V1.14.0/Drivers/STM32F7xx_HAL_Driver/Inc" -I"/data/long-term-storage/STM32Cube/Repository/STM32Cube_FW_F7_V1.14.0/Drivers/CMSIS/Device/ST/STM32F7xx/Include" -Os -ffunction-sections -g3 -fstack-usage -Wall -fmessage-length=0 -Wno-strict-aliasing -MMD -MP -MF"Middlewares/STM32_Secure_Engine/se_startup.d" -MT"Middlewares/STM32_Secure_Engine/se_startup.o" -specs=nano.specs -o "Middlewares/STM32_Secure_Engine/se_startup.o"
arm-atollic-eabi-gcc -c "/data/workspace/01-PROJECTS/OTA-DFU/STM32CubeExpansion_SBSFU_V2.1.0/Middlewares/ST/STM32_Secure_Engine/Core/se_user_application.c" -mthumb -mcpu=cortex-m7 -mfloat-abi=softfp -mfpu=fpv5-sp-d16 -std=gnu11 -DUSE_HAL_DRIVER -DSTM32F769xx -DUSE_STM32F769I_DISCO -I../../../Inc -I../../../../2_Images_SBSFU/SBSFU/App -I../../../../Linker_Common/SW4STM32 -I"/data/long-term-storage/STM32Cube/Repository/STM32Cube_FW_F7_V1.14.0/Drivers/CMSIS/Include" -I"../../../../STM32CubeExpansion_SBSFU_V2.1.0/Middlewares/ST/STM32_Secure_Engine/Key" -I"../../../../STM32CubeExpansion_SBSFU_V2.1.0/Middlewares/ST/STM32_Secure_Engine/Core" -I"../../../../STM32CubeExpansion_SBSFU_V2.1.0/Middlewares/ST/STM32_Cryptographic/Fw_Crypto/STM32F7/Inc" -I"/data/long-term-storage/STM32Cube/Repository/STM32Cube_FW_F7_V1.14.0/Drivers/BSP/Components" -I"/data/long-term-storage/STM32Cube/Repository/STM32Cube_FW_F7_V1.14.0/Drivers/BSP/STM32F769I-Discovery" -I"/data/long-term-storage/STM32Cube/Repository/STM32Cube_FW_F7_V1.14.0/Drivers/STM32F7xx_HAL_Driver/Inc" -I"/data/long-term-storage/STM32Cube/Repository/STM32Cube_FW_F7_V1.14.0/Drivers/CMSIS/Device/ST/STM32F7xx/Include" -Os -ffunction-sections -g3 -fstack-usage -Wall -fmessage-length=0 -Wno-strict-aliasing -MMD -MP -MF"Middlewares/STM32_Secure_Engine/se_user_application.d" -MT"Middlewares/STM32_Secure_Engine/se_user_application.o" -specs=nano.specs -o "Middlewares/STM32_Secure_Engine/se_user_application.o"
arm-atollic-eabi-gcc -c "/data/workspace/01-PROJECTS/OTA-DFU/STM32CubeExpansion_SBSFU_V2.1.0/Middlewares/ST/STM32_Secure_Engine/Core/se_utils.c" -mthumb -mcpu=cortex-m7 -mfloat-abi=softfp -mfpu=fpv5-sp-d16 -std=gnu11 -DUSE_HAL_DRIVER -DSTM32F769xx -DUSE_STM32F769I_DISCO -I../../../Inc -I../../../../2_Images_SBSFU/SBSFU/App -I../../../../Linker_Common/SW4STM32 -I"/data/long-term-storage/STM32Cube/Repository/STM32Cube_FW_F7_V1.14.0/Drivers/CMSIS/Include" -I"../../../../STM32CubeExpansion_SBSFU_V2.1.0/Middlewares/ST/STM32_Secure_Engine/Key" -I"../../../../STM32CubeExpansion_SBSFU_V2.1.0/Middlewares/ST/STM32_Secure_Engine/Core" -I"../../../../STM32CubeExpansion_SBSFU_V2.1.0/Middlewares/ST/STM32_Cryptographic/Fw_Crypto/STM32F7/Inc" -I"/data/long-term-storage/STM32Cube/Repository/STM32Cube_FW_F7_V1.14.0/Drivers/BSP/Components" -I"/data/long-term-storage/STM32Cube/Repository/STM32Cube_FW_F7_V1.14.0/Drivers/BSP/STM32F769I-Discovery" -I"/data/long-term-storage/STM32Cube/Repository/STM32Cube_FW_F7_V1.14.0/Drivers/STM32F7xx_HAL_Driver/Inc" -I"/data/long-term-storage/STM32Cube/Repository/STM32Cube_FW_F7_V1.14.0/Drivers/CMSIS/Device/ST/STM32F7xx/Include" -Os -ffunction-sections -g3 -fstack-usage -Wall -fmessage-length=0 -Wno-strict-aliasing -MMD -MP -MF"Middlewares/STM32_Secure_Engine/se_utils.d" -MT"Middlewares/STM32_Secure_Engine/se_utils.o" -specs=nano.specs -o "Middlewares/STM32_Secure_Engine/se_utils.o"
arm-atollic-eabi-gcc -c "/data/long-term-storage/STM32Cube/Repository/STM32Cube_FW_F7_V1.14.0/Drivers/STM32F7xx_HAL_Driver/Src/stm32f7xx_hal_crc.c" -mthumb -mcpu=cortex-m7 -mfloat-abi=softfp -mfpu=fpv5-sp-d16 -std=gnu11 -DUSE_HAL_DRIVER -DSTM32F769xx -DUSE_STM32F769I_DISCO -I../../../Inc -I../../../../2_Images_SBSFU/SBSFU/App -I../../../../Linker_Common/SW4STM32 -I"/data/long-term-storage/STM32Cube/Repository/STM32Cube_FW_F7_V1.14.0/Drivers/CMSIS/Include" -I"../../../../STM32CubeExpansion_SBSFU_V2.1.0/Middlewares/ST/STM32_Secure_Engine/Key" -I"../../../../STM32CubeExpansion_SBSFU_V2.1.0/Middlewares/ST/STM32_Secure_Engine/Core" -I"../../../../STM32CubeExpansion_SBSFU_V2.1.0/Middlewares/ST/STM32_Cryptographic/Fw_Crypto/STM32F7/Inc" -I"/data/long-term-storage/STM32Cube/Repository/STM32Cube_FW_F7_V1.14.0/Drivers/BSP/Components" -I"/data/long-term-storage/STM32Cube/Repository/STM32Cube_FW_F7_V1.14.0/Drivers/BSP/STM32F769I-Discovery" -I"/data/long-term-storage/STM32Cube/Repository/STM32Cube_FW_F7_V1.14.0/Drivers/STM32F7xx_HAL_Driver/Inc" -I"/data/long-term-storage/STM32Cube/Repository/STM32Cube_FW_F7_V1.14.0/Drivers/CMSIS/Device/ST/STM32F7xx/Include" -Os -ffunction-sections -g3 -fstack-usage -Wall -fmessage-length=0 -Wno-strict-aliasing -MMD -MP -MF"Drivers/STM32F7xx_HAL_Driver/stm32f7xx_hal_crc.d" -MT"Drivers/STM32F7xx_HAL_Driver/stm32f7xx_hal_crc.o" -specs=nano.specs -o "Drivers/STM32F7xx_HAL_Driver/stm32f7xx_hal_crc.o"
arm-atollic-eabi-gcc -c "/data/long-term-storage/STM32Cube/Repository/STM32Cube_FW_F7_V1.14.0/Drivers/STM32F7xx_HAL_Driver/Src/stm32f7xx_hal_crc_ex.c" -mthumb -mcpu=cortex-m7 -mfloat-abi=softfp -mfpu=fpv5-sp-d16 -std=gnu11 -DUSE_HAL_DRIVER -DSTM32F769xx -DUSE_STM32F769I_DISCO -I../../../Inc -I../../../../2_Images_SBSFU/SBSFU/App -I../../../../Linker_Common/SW4STM32 -I"/data/long-term-storage/STM32Cube/Repository/STM32Cube_FW_F7_V1.14.0/Drivers/CMSIS/Include" -I"../../../../STM32CubeExpansion_SBSFU_V2.1.0/Middlewares/ST/STM32_Secure_Engine/Key" -I"../../../../STM32CubeExpansion_SBSFU_V2.1.0/Middlewares/ST/STM32_Secure_Engine/Core" -I"../../../../STM32CubeExpansion_SBSFU_V2.1.0/Middlewares/ST/STM32_Cryptographic/Fw_Crypto/STM32F7/Inc" -I"/data/long-term-storage/STM32Cube/Repository/STM32Cube_FW_F7_V1.14.0/Drivers/BSP/Components" -I"/data/long-term-storage/STM32Cube/Repository/STM32Cube_FW_F7_V1.14.0/Drivers/BSP/STM32F769I-Discovery" -I"/data/long-term-storage/STM32Cube/Repository/STM32Cube_FW_F7_V1.14.0/Drivers/STM32F7xx_HAL_Driver/Inc" -I"/data/long-term-storage/STM32Cube/Repository/STM32Cube_FW_F7_V1.14.0/Drivers/CMSIS/Device/ST/STM32F7xx/Include" -Os -ffunction-sections -g3 -fstack-usage -Wall -fmessage-length=0 -Wno-strict-aliasing -MMD -MP -MF"Drivers/STM32F7xx_HAL_Driver/stm32f7xx_hal_crc_ex.d" -MT"Drivers/STM32F7xx_HAL_Driver/stm32f7xx_hal_crc_ex.o" -specs=nano.specs -o "Drivers/STM32F7xx_HAL_Driver/stm32f7xx_hal_crc_ex.o"
arm-atollic-eabi-gcc -c "/data/long-term-storage/STM32Cube/Repository/STM32Cube_FW_F7_V1.14.0/Drivers/STM32F7xx_HAL_Driver/Src/stm32f7xx_hal_flash.c" -mthumb -mcpu=cortex-m7 -mfloat-abi=softfp -mfpu=fpv5-sp-d16 -std=gnu11 -DUSE_HAL_DRIVER -DSTM32F769xx -DUSE_STM32F769I_DISCO -I../../../Inc -I../../../../2_Images_SBSFU/SBSFU/App -I../../../../Linker_Common/SW4STM32 -I"/data/long-term-storage/STM32Cube/Repository/STM32Cube_FW_F7_V1.14.0/Drivers/CMSIS/Include" -I"../../../../STM32CubeExpansion_SBSFU_V2.1.0/Middlewares/ST/STM32_Secure_Engine/Key" -I"../../../../STM32CubeExpansion_SBSFU_V2.1.0/Middlewares/ST/STM32_Secure_Engine/Core" -I"../../../../STM32CubeExpansion_SBSFU_V2.1.0/Middlewares/ST/STM32_Cryptographic/Fw_Crypto/STM32F7/Inc" -I"/data/long-term-storage/STM32Cube/Repository/STM32Cube_FW_F7_V1.14.0/Drivers/BSP/Components" -I"/data/long-term-storage/STM32Cube/Repository/STM32Cube_FW_F7_V1.14.0/Drivers/BSP/STM32F769I-Discovery" -I"/data/long-term-storage/STM32Cube/Repository/STM32Cube_FW_F7_V1.14.0/Drivers/STM32F7xx_HAL_Driver/Inc" -I"/data/long-term-storage/STM32Cube/Repository/STM32Cube_FW_F7_V1.14.0/Drivers/CMSIS/Device/ST/STM32F7xx/Include" -Os -ffunction-sections -g3 -fstack-usage -Wall -fmessage-length=0 -Wno-strict-aliasing -MMD -MP -MF"Drivers/STM32F7xx_HAL_Driver/stm32f7xx_hal_flash.d" -MT"Drivers/STM32F7xx_HAL_Driver/stm32f7xx_hal_flash.o" -specs=nano.specs -o "Drivers/STM32F7xx_HAL_Driver/stm32f7xx_hal_flash.o"
arm-atollic-eabi-gcc -c "/data/long-term-storage/STM32Cube/Repository/STM32Cube_FW_F7_V1.14.0/Drivers/STM32F7xx_HAL_Driver/Src/stm32f7xx_hal_flash_ex.c" -mthumb -mcpu=cortex-m7 -mfloat-abi=softfp -mfpu=fpv5-sp-d16 -std=gnu11 -DUSE_HAL_DRIVER -DSTM32F769xx -DUSE_STM32F769I_DISCO -I../../../Inc -I../../../../2_Images_SBSFU/SBSFU/App -I../../../../Linker_Common/SW4STM32 -I"/data/long-term-storage/STM32Cube/Repository/STM32Cube_FW_F7_V1.14.0/Drivers/CMSIS/Include" -I"../../../../STM32CubeExpansion_SBSFU_V2.1.0/Middlewares/ST/STM32_Secure_Engine/Key" -I"../../../../STM32CubeExpansion_SBSFU_V2.1.0/Middlewares/ST/STM32_Secure_Engine/Core" -I"../../../../STM32CubeExpansion_SBSFU_V2.1.0/Middlewares/ST/STM32_Cryptographic/Fw_Crypto/STM32F7/Inc" -I"/data/long-term-storage/STM32Cube/Repository/STM32Cube_FW_F7_V1.14.0/Drivers/BSP/Components" -I"/data/long-term-storage/STM32Cube/Repository/STM32Cube_FW_F7_V1.14.0/Drivers/BSP/STM32F769I-Discovery" -I"/data/long-term-storage/STM32Cube/Repository/STM32Cube_FW_F7_V1.14.0/Drivers/STM32F7xx_HAL_Driver/Inc" -I"/data/long-term-storage/STM32Cube/Repository/STM32Cube_FW_F7_V1.14.0/Drivers/CMSIS/Device/ST/STM32F7xx/Include" -Os -ffunction-sections -g3 -fstack-usage -Wall -fmessage-length=0 -Wno-strict-aliasing -MMD -MP -MF"Drivers/STM32F7xx_HAL_Driver/stm32f7xx_hal_flash_ex.d" -MT"Drivers/STM32F7xx_HAL_Driver/stm32f7xx_hal_flash_ex.o" -specs=nano.specs -o "Drivers/STM32F7xx_HAL_Driver/stm32f7xx_hal_flash_ex.o"
arm-atollic-eabi-gcc -c "/data/workspace/01-PROJECTS/OTA-DFU/2_Images_SECoreBin/Src/se_crypto_bootloader.c" -mthumb -mcpu=cortex-m7 -mfloat-abi=softfp -mfpu=fpv5-sp-d16 -std=gnu11 -DUSE_HAL_DRIVER -DSTM32F769xx -DUSE_STM32F769I_DISCO -I../../../Inc -I../../../../2_Images_SBSFU/SBSFU/App -I../../../../Linker_Common/SW4STM32 -I"/data/long-term-storage/STM32Cube/Repository/STM32Cube_FW_F7_V1.14.0/Drivers/CMSIS/Include" -I"../../../../STM32CubeExpansion_SBSFU_V2.1.0/Middlewares/ST/STM32_Secure_Engine/Key" -I"../../../../STM32CubeExpansion_SBSFU_V2.1.0/Middlewares/ST/STM32_Secure_Engine/Core" -I"../../../../STM32CubeExpansion_SBSFU_V2.1.0/Middlewares/ST/STM32_Cryptographic/Fw_Crypto/STM32F7/Inc" -I"/data/long-term-storage/STM32Cube/Repository/STM32Cube_FW_F7_V1.14.0/Drivers/BSP/Components" -I"/data/long-term-storage/STM32Cube/Repository/STM32Cube_FW_F7_V1.14.0/Drivers/BSP/STM32F769I-Discovery" -I"/data/long-term-storage/STM32Cube/Repository/STM32Cube_FW_F7_V1.14.0/Drivers/STM32F7xx_HAL_Driver/Inc" -I"/data/long-term-storage/STM32Cube/Repository/STM32Cube_FW_F7_V1.14.0/Drivers/CMSIS/Device/ST/STM32F7xx/Include" -Os -ffunction-sections -g3 -fstack-usage -Wall -fmessage-length=0 -Wno-strict-aliasing -MMD -MP -MF"Application/User/se_crypto_bootloader.d" -MT"Application/User/se_crypto_bootloader.o" -specs=nano.specs -o "Application/User/se_crypto_bootloader.o"
arm-atollic-eabi-gcc -c "/data/workspace/01-PROJECTS/OTA-DFU/2_Images_SECoreBin/Src/se_low_level.c" -mthumb -mcpu=cortex-m7 -mfloat-abi=softfp -mfpu=fpv5-sp-d16 -std=gnu11 -DUSE_HAL_DRIVER -DSTM32F769xx -DUSE_STM32F769I_DISCO -I../../../Inc -I../../../../2_Images_SBSFU/SBSFU/App -I../../../../Linker_Common/SW4STM32 -I"/data/long-term-storage/STM32Cube/Repository/STM32Cube_FW_F7_V1.14.0/Drivers/CMSIS/Include" -I"../../../../STM32CubeExpansion_SBSFU_V2.1.0/Middlewares/ST/STM32_Secure_Engine/Key" -I"../../../../STM32CubeExpansion_SBSFU_V2.1.0/Middlewares/ST/STM32_Secure_Engine/Core" -I"../../../../STM32CubeExpansion_SBSFU_V2.1.0/Middlewares/ST/STM32_Cryptographic/Fw_Crypto/STM32F7/Inc" -I"/data/long-term-storage/STM32Cube/Repository/STM32Cube_FW_F7_V1.14.0/Drivers/BSP/Components" -I"/data/long-term-storage/STM32Cube/Repository/STM32Cube_FW_F7_V1.14.0/Drivers/BSP/STM32F769I-Discovery" -I"/data/long-term-storage/STM32Cube/Repository/STM32Cube_FW_F7_V1.14.0/Drivers/STM32F7xx_HAL_Driver/Inc" -I"/data/long-term-storage/STM32Cube/Repository/STM32Cube_FW_F7_V1.14.0/Drivers/CMSIS/Device/ST/STM32F7xx/Include" -Os -ffunction-sections -g3 -fstack-usage -Wall -fmessage-length=0 -Wno-strict-aliasing -MMD -MP -MF"Application/User/se_low_level.d" -MT"Application/User/se_low_level.o" -specs=nano.specs -o "Application/User/se_low_level.o"
arm-atollic-eabi-gcc -c "/data/workspace/01-PROJECTS/OTA-DFU/2_Images_SECoreBin/SW4STM32/data_init.c" -mthumb -mcpu=cortex-m7 -mfloat-abi=softfp -mfpu=fpv5-sp-d16 -std=gnu11 -DUSE_HAL_DRIVER -DSTM32F769xx -DUSE_STM32F769I_DISCO -I../../../Inc -I../../../../2_Images_SBSFU/SBSFU/App -I../../../../Linker_Common/SW4STM32 -I"/data/long-term-storage/STM32Cube/Repository/STM32Cube_FW_F7_V1.14.0/Drivers/CMSIS/Include" -I"../../../../STM32CubeExpansion_SBSFU_V2.1.0/Middlewares/ST/STM32_Secure_Engine/Key" -I"../../../../STM32CubeExpansion_SBSFU_V2.1.0/Middlewares/ST/STM32_Secure_Engine/Core" -I"../../../../STM32CubeExpansion_SBSFU_V2.1.0/Middlewares/ST/STM32_Cryptographic/Fw_Crypto/STM32F7/Inc" -I"/data/long-term-storage/STM32Cube/Repository/STM32Cube_FW_F7_V1.14.0/Drivers/BSP/Components" -I"/data/long-term-storage/STM32Cube/Repository/STM32Cube_FW_F7_V1.14.0/Drivers/BSP/STM32F769I-Discovery" -I"/data/long-term-storage/STM32Cube/Repository/STM32Cube_FW_F7_V1.14.0/Drivers/STM32F7xx_HAL_Driver/Inc" -I"/data/long-term-storage/STM32Cube/Repository/STM32Cube_FW_F7_V1.14.0/Drivers/CMSIS/Device/ST/STM32F7xx/Include" -Os -ffunction-sections -g3 -fstack-usage -Wall -fmessage-length=0 -Wno-strict-aliasing -MMD -MP -MF"Application/SW4STM32/data_init.d" -MT"Application/SW4STM32/data_init.o" -specs=nano.specs -o "Application/SW4STM32/data_init.o"
arm-atollic-eabi-gcc -c -mthumb -mcpu=cortex-m7 -mfloat-abi=softfp -mfpu=fpv5-sp-d16 -g -Wa,--warn -x assembler-with-cpp -specs=nano.specs -o "Application/SW4STM32/se_key.o" "/data/workspace/01-PROJECTS/OTA-DFU/2_Images_SECoreBin/SW4STM32/se_key.s"
arm-atollic-eabi-gcc -o "SECoreBin.elf"  ./Middlewares/STM32_Secure_Engine/se_bootinfo.o ./Middlewares/STM32_Secure_Engine/se_callgate.o ./Middlewares/STM32_Secure_Engine/se_crypto_common.o ./Middlewares/STM32_Secure_Engine/se_exception.o ./Middlewares/STM32_Secure_Engine/se_fwimg.o ./Middlewares/STM32_Secure_Engine/se_stack_smuggler_GNU.o ./Middlewares/STM32_Secure_Engine/se_startup.o ./Middlewares/STM32_Secure_Engine/se_user_application.o ./Middlewares/STM32_Secure_Engine/se_utils.o  ./Drivers/STM32F7xx_HAL_Driver/stm32f7xx_hal_crc.o ./Drivers/STM32F7xx_HAL_Driver/stm32f7xx_hal_crc_ex.o ./Drivers/STM32F7xx_HAL_Driver/stm32f7xx_hal_flash.o ./Drivers/STM32F7xx_HAL_Driver/stm32f7xx_hal_flash_ex.o  ./Application/User/se_crypto_bootloader.o ./Application/User/se_low_level.o  ./Application/SW4STM32/data_init.o ./Application/SW4STM32/se_key.o   -l:libSTM32CryptographicV3.0.0_CM7_GCC.a -mthumb -mcpu=cortex-m7 -mfloat-abi=softfp -mfpu=fpv5-sp-d16 -T"../STM32F769NIHx.ld" -specs=nosys.specs -static -L../../../../Linker_Common/SW4STM32 -L"../../../../STM32CubeExpansion_SBSFU_V2.1.0/Middlewares/ST/STM32_Cryptographic/Fw_Crypto/STM32F7/Lib" "-Wl,-Map=SECoreBin.map" -Wl,--gc-sections -Wl,--defsym=malloc_getpagesize_P=0x80 -Wl,--start-group -lc -lm -Wl,--end-group -specs=nano.specs
"/data/sdk/STMicroelectronics/atollic/9.3.0/ide/jre/bin/java" -jar "/data/sdk/STMicroelectronics/atollic/9.3.0/Tools/arm-atollic-reports.jar" convert-binary sizeinfo list SECoreBin.elf
Generate build reports...
Converting build output to binary
Output sent to: SECoreBin.binary
Converting build output to binary done
Print size information
   text	   data	    bss	    dec	    hex	filename
  17738	     52	   2636	  20426	   4fca	SECoreBin.elf
Print size information done
Generate listing file
Output sent to: SECoreBin.list
Generate listing file done
Generate build reports done
23:58:39 **** Rebuild of configuration Debug for project STM32F769I_Discovery_2_Images_SBSFU ****
Info: Internal Builder is used for build
arm-atollic-eabi-gcc -c ../../../SBSFU/App/sfu_boot.c -mthumb -mcpu=cortex-m7 -mfloat-abi=softfp -mfpu=fpv5-d16 -std=gnu11 -DUSE_HAL_DRIVER -DSTM32F769xx -DUSE_STM32F769I_DISCO -I../../../Core/Inc -I../../../SBSFU/App -I../../../SBSFU/Target -I../../../../2_Images_SECoreBin/Inc -I../../../../Linker_Common/SW4STM32 -I/data/long-term-storage/STM32Cube/Repository/STM32Cube_FW_F7_V1.14.0/Drivers/CMSIS/Include -I/data/long-term-storage/STM32Cube/Repository/STM32Cube_FW_F7_V1.14.0/Drivers/CMSIS/Device/ST/STM32F7xx/Include -I/data/long-term-storage/STM32Cube/Repository/STM32Cube_FW_F7_V1.14.0/Drivers/STM32F7xx_HAL_Driver/Inc -I/data/long-term-storage/STM32Cube/Repository/STM32Cube_FW_F7_V1.14.0/Drivers/BSP/STM32F769I-Discovery -I/data/long-term-storage/STM32Cube/Repository/STM32Cube_FW_F7_V1.14.0/Drivers/BSP/Components -I../../../../STM32CubeExpansion_SBSFU_V2.1.0/Middlewares/ST/STM32_Secure_Engine/Core -I../../../../STM32CubeExpansion_SBSFU_V2.1.0/Middlewares/ST/STM32_Secure_Engine/Interface -Os -ffunction-sections -g3 -fstack-usage -Wall -fmessage-length=0 -Wno-format -Wno-strict-aliasing -specs=nano.specs -o Application/SBSFU/App/sfu_boot.o 
arm-atollic-eabi-gcc -c ../../../../../../../long-term-storage/STM32Cube/Repository/STM32Cube_FW_F7_V1.14.0/Drivers/STM32F7xx_HAL_Driver/Src/stm32f7xx_hal_rtc.c -mthumb -mcpu=cortex-m7 -mfloat-abi=softfp -mfpu=fpv5-d16 -std=gnu11 -DUSE_HAL_DRIVER -DSTM32F769xx -DUSE_STM32F769I_DISCO -I../../../Core/Inc -I../../../SBSFU/App -I../../../SBSFU/Target -I../../../../2_Images_SECoreBin/Inc -I../../../../Linker_Common/SW4STM32 -I/data/long-term-storage/STM32Cube/Repository/STM32Cube_FW_F7_V1.14.0/Drivers/CMSIS/Include -I/data/long-term-storage/STM32Cube/Repository/STM32Cube_FW_F7_V1.14.0/Drivers/CMSIS/Device/ST/STM32F7xx/Include -I/data/long-term-storage/STM32Cube/Repository/STM32Cube_FW_F7_V1.14.0/Drivers/STM32F7xx_HAL_Driver/Inc -I/data/long-term-storage/STM32Cube/Repository/STM32Cube_FW_F7_V1.14.0/Drivers/BSP/STM32F769I-Discovery -I/data/long-term-storage/STM32Cube/Repository/STM32Cube_FW_F7_V1.14.0/Drivers/BSP/Components -I../../../../STM32CubeExpansion_SBSFU_V2.1.0/Middlewares/ST/STM32_Secure_Engine/Core -I../../../../STM32CubeExpansion_SBSFU_V2.1.0/Middlewares/ST/STM32_Secure_Engine/Interface -Os -ffunction-sections -g3 -fstack-usage -Wall -fmessage-length=0 -Wno-format -Wno-strict-aliasing -specs=nano.specs -o Drivers/STM32F7xx_HAL_Driver/stm32f7xx_hal_rtc.o 
arm-atollic-eabi-gcc -c ../../../../../../../long-term-storage/STM32Cube/Repository/STM32Cube_FW_F7_V1.14.0/Drivers/STM32F7xx_HAL_Driver/Src/stm32f7xx_hal_dma.c -mthumb -mcpu=cortex-m7 -mfloat-abi=softfp -mfpu=fpv5-d16 -std=gnu11 -DUSE_HAL_DRIVER -DSTM32F769xx -DUSE_STM32F769I_DISCO -I../../../Core/Inc -I../../../SBSFU/App -I../../../SBSFU/Target -I../../../../2_Images_SECoreBin/Inc -I../../../../Linker_Common/SW4STM32 -I/data/long-term-storage/STM32Cube/Repository/STM32Cube_FW_F7_V1.14.0/Drivers/CMSIS/Include -I/data/long-term-storage/STM32Cube/Repository/STM32Cube_FW_F7_V1.14.0/Drivers/CMSIS/Device/ST/STM32F7xx/Include -I/data/long-term-storage/STM32Cube/Repository/STM32Cube_FW_F7_V1.14.0/Drivers/STM32F7xx_HAL_Driver/Inc -I/data/long-term-storage/STM32Cube/Repository/STM32Cube_FW_F7_V1.14.0/Drivers/BSP/STM32F769I-Discovery -I/data/long-term-storage/STM32Cube/Repository/STM32Cube_FW_F7_V1.14.0/Drivers/BSP/Components -I../../../../STM32CubeExpansion_SBSFU_V2.1.0/Middlewares/ST/STM32_Secure_Engine/Core -I../../../../STM32CubeExpansion_SBSFU_V2.1.0/Middlewares/ST/STM32_Secure_Engine/Interface -Os -ffunction-sections -g3 -fstack-usage -Wall -fmessage-length=0 -Wno-format -Wno-strict-aliasing -specs=nano.specs -o Drivers/STM32F7xx_HAL_Driver/stm32f7xx_hal_dma.o 
arm-atollic-eabi-gcc -c ../../../../../../../long-term-storage/STM32Cube/Repository/STM32Cube_FW_F7_V1.14.0/Drivers/STM32F7xx_HAL_Driver/Src/stm32f7xx_hal_crc_ex.c -mthumb -mcpu=cortex-m7 -mfloat-abi=softfp -mfpu=fpv5-d16 -std=gnu11 -DUSE_HAL_DRIVER -DSTM32F769xx -DUSE_STM32F769I_DISCO -I../../../Core/Inc -I../../../SBSFU/App -I../../../SBSFU/Target -I../../../../2_Images_SECoreBin/Inc -I../../../../Linker_Common/SW4STM32 -I/data/long-term-storage/STM32Cube/Repository/STM32Cube_FW_F7_V1.14.0/Drivers/CMSIS/Include -I/data/long-term-storage/STM32Cube/Repository/STM32Cube_FW_F7_V1.14.0/Drivers/CMSIS/Device/ST/STM32F7xx/Include -I/data/long-term-storage/STM32Cube/Repository/STM32Cube_FW_F7_V1.14.0/Drivers/STM32F7xx_HAL_Driver/Inc -I/data/long-term-storage/STM32Cube/Repository/STM32Cube_FW_F7_V1.14.0/Drivers/BSP/STM32F769I-Discovery -I/data/long-term-storage/STM32Cube/Repository/STM32Cube_FW_F7_V1.14.0/Drivers/BSP/Components -I../../../../STM32CubeExpansion_SBSFU_V2.1.0/Middlewares/ST/STM32_Secure_Engine/Core -I../../../../STM32CubeExpansion_SBSFU_V2.1.0/Middlewares/ST/STM32_Secure_Engine/Interface -Os -ffunction-sections -g3 -fstack-usage -Wall -fmessage-length=0 -Wno-format -Wno-strict-aliasing -specs=nano.specs -o Drivers/STM32F7xx_HAL_Driver/stm32f7xx_hal_crc_ex.o 
arm-atollic-eabi-gcc -c -mthumb -mcpu=cortex-m7 -mfloat-abi=softfp -mfpu=fpv5-d16 -g -Wa,--warn -x assembler-with-cpp -specs=nano.specs -o Application/SW4STM32/sfu_se_mpu.o ../../sfu_se_mpu.s 
arm-atollic-eabi-gcc -c ../../../SBSFU/Target/sfu_low_level_flash.c -mthumb -mcpu=cortex-m7 -mfloat-abi=softfp -mfpu=fpv5-d16 -std=gnu11 -DUSE_HAL_DRIVER -DSTM32F769xx -DUSE_STM32F769I_DISCO -I../../../Core/Inc -I../../../SBSFU/App -I../../../SBSFU/Target -I../../../../2_Images_SECoreBin/Inc -I../../../../Linker_Common/SW4STM32 -I/data/long-term-storage/STM32Cube/Repository/STM32Cube_FW_F7_V1.14.0/Drivers/CMSIS/Include -I/data/long-term-storage/STM32Cube/Repository/STM32Cube_FW_F7_V1.14.0/Drivers/CMSIS/Device/ST/STM32F7xx/Include -I/data/long-term-storage/STM32Cube/Repository/STM32Cube_FW_F7_V1.14.0/Drivers/STM32F7xx_HAL_Driver/Inc -I/data/long-term-storage/STM32Cube/Repository/STM32Cube_FW_F7_V1.14.0/Drivers/BSP/STM32F769I-Discovery -I/data/long-term-storage/STM32Cube/Repository/STM32Cube_FW_F7_V1.14.0/Drivers/BSP/Components -I../../../../STM32CubeExpansion_SBSFU_V2.1.0/Middlewares/ST/STM32_Secure_Engine/Core -I../../../../STM32CubeExpansion_SBSFU_V2.1.0/Middlewares/ST/STM32_Secure_Engine/Interface -Os -ffunction-sections -g3 -fstack-usage -Wall -fmessage-length=0 -Wno-format -Wno-strict-aliasing -specs=nano.specs -o Application/SBSFU/Target/sfu_low_level_flash.o 
arm-atollic-eabi-gcc -c ../../../../../../../long-term-storage/STM32Cube/Repository/STM32Cube_FW_F7_V1.14.0/Drivers/STM32F7xx_HAL_Driver/Src/stm32f7xx_hal_flash.c -mthumb -mcpu=cortex-m7 -mfloat-abi=softfp -mfpu=fpv5-d16 -std=gnu11 -DUSE_HAL_DRIVER -DSTM32F769xx -DUSE_STM32F769I_DISCO -I../../../Core/Inc -I../../../SBSFU/App -I../../../SBSFU/Target -I../../../../2_Images_SECoreBin/Inc -I../../../../Linker_Common/SW4STM32 -I/data/long-term-storage/STM32Cube/Repository/STM32Cube_FW_F7_V1.14.0/Drivers/CMSIS/Include -I/data/long-term-storage/STM32Cube/Repository/STM32Cube_FW_F7_V1.14.0/Drivers/CMSIS/Device/ST/STM32F7xx/Include -I/data/long-term-storage/STM32Cube/Repository/STM32Cube_FW_F7_V1.14.0/Drivers/STM32F7xx_HAL_Driver/Inc -I/data/long-term-storage/STM32Cube/Repository/STM32Cube_FW_F7_V1.14.0/Drivers/BSP/STM32F769I-Discovery -I/data/long-term-storage/STM32Cube/Repository/STM32Cube_FW_F7_V1.14.0/Drivers/BSP/Components -I../../../../STM32CubeExpansion_SBSFU_V2.1.0/Middlewares/ST/STM32_Secure_Engine/Core -I../../../../STM32CubeExpansion_SBSFU_V2.1.0/Middlewares/ST/STM32_Secure_Engine/Interface -Os -ffunction-sections -g3 -fstack-usage -Wall -fmessage-length=0 -Wno-format -Wno-strict-aliasing -specs=nano.specs -o Drivers/STM32F7xx_HAL_Driver/stm32f7xx_hal_flash.o 
arm-atollic-eabi-gcc -c ../../../../../../../long-term-storage/STM32Cube/Repository/STM32Cube_FW_F7_V1.14.0/Drivers/STM32F7xx_HAL_Driver/Src/stm32f7xx_hal_i2c_ex.c -mthumb -mcpu=cortex-m7 -mfloat-abi=softfp -mfpu=fpv5-d16 -std=gnu11 -DUSE_HAL_DRIVER -DSTM32F769xx -DUSE_STM32F769I_DISCO -I../../../Core/Inc -I../../../SBSFU/App -I../../../SBSFU/Target -I../../../../2_Images_SECoreBin/Inc -I../../../../Linker_Common/SW4STM32 -I/data/long-term-storage/STM32Cube/Repository/STM32Cube_FW_F7_V1.14.0/Drivers/CMSIS/Include -I/data/long-term-storage/STM32Cube/Repository/STM32Cube_FW_F7_V1.14.0/Drivers/CMSIS/Device/ST/STM32F7xx/Include -I/data/long-term-storage/STM32Cube/Repository/STM32Cube_FW_F7_V1.14.0/Drivers/STM32F7xx_HAL_Driver/Inc -I/data/long-term-storage/STM32Cube/Repository/STM32Cube_FW_F7_V1.14.0/Drivers/BSP/STM32F769I-Discovery -I/data/long-term-storage/STM32Cube/Repository/STM32Cube_FW_F7_V1.14.0/Drivers/BSP/Components -I../../../../STM32CubeExpansion_SBSFU_V2.1.0/Middlewares/ST/STM32_Secure_Engine/Core -I../../../../STM32CubeExpansion_SBSFU_V2.1.0/Middlewares/ST/STM32_Secure_Engine/Interface -Os -ffunction-sections -g3 -fstack-usage -Wall -fmessage-length=0 -Wno-format -Wno-strict-aliasing -specs=nano.specs -o Drivers/STM32F7xx_HAL_Driver/stm32f7xx_hal_i2c_ex.o 
arm-atollic-eabi-gcc -c ../../../../../../../long-term-storage/STM32Cube/Repository/STM32Cube_FW_F7_V1.14.0/Drivers/STM32F7xx_HAL_Driver/Src/stm32f7xx_hal_tim_ex.c -mthumb -mcpu=cortex-m7 -mfloat-abi=softfp -mfpu=fpv5-d16 -std=gnu11 -DUSE_HAL_DRIVER -DSTM32F769xx -DUSE_STM32F769I_DISCO -I../../../Core/Inc -I../../../SBSFU/App -I../../../SBSFU/Target -I../../../../2_Images_SECoreBin/Inc -I../../../../Linker_Common/SW4STM32 -I/data/long-term-storage/STM32Cube/Repository/STM32Cube_FW_F7_V1.14.0/Drivers/CMSIS/Include -I/data/long-term-storage/STM32Cube/Repository/STM32Cube_FW_F7_V1.14.0/Drivers/CMSIS/Device/ST/STM32F7xx/Include -I/data/long-term-storage/STM32Cube/Repository/STM32Cube_FW_F7_V1.14.0/Drivers/STM32F7xx_HAL_Driver/Inc -I/data/long-term-storage/STM32Cube/Repository/STM32Cube_FW_F7_V1.14.0/Drivers/BSP/STM32F769I-Discovery -I/data/long-term-storage/STM32Cube/Repository/STM32Cube_FW_F7_V1.14.0/Drivers/BSP/Components -I../../../../STM32CubeExpansion_SBSFU_V2.1.0/Middlewares/ST/STM32_Secure_Engine/Core -I../../../../STM32CubeExpansion_SBSFU_V2.1.0/Middlewares/ST/STM32_Secure_Engine/Interface -Os -ffunction-sections -g3 -fstack-usage -Wall -fmessage-length=0 -Wno-format -Wno-strict-aliasing -specs=nano.specs -o Drivers/STM32F7xx_HAL_Driver/stm32f7xx_hal_tim_ex.o 
arm-atollic-eabi-gcc -c ../../../../../../../long-term-storage/STM32Cube/Repository/STM32Cube_FW_F7_V1.14.0/Drivers/STM32F7xx_HAL_Driver/Src/stm32f7xx_hal_pwr_ex.c -mthumb -mcpu=cortex-m7 -mfloat-abi=softfp -mfpu=fpv5-d16 -std=gnu11 -DUSE_HAL_DRIVER -DSTM32F769xx -DUSE_STM32F769I_DISCO -I../../../Core/Inc -I../../../SBSFU/App -I../../../SBSFU/Target -I../../../../2_Images_SECoreBin/Inc -I../../../../Linker_Common/SW4STM32 -I/data/long-term-storage/STM32Cube/Repository/STM32Cube_FW_F7_V1.14.0/Drivers/CMSIS/Include -I/data/long-term-storage/STM32Cube/Repository/STM32Cube_FW_F7_V1.14.0/Drivers/CMSIS/Device/ST/STM32F7xx/Include -I/data/long-term-storage/STM32Cube/Repository/STM32Cube_FW_F7_V1.14.0/Drivers/STM32F7xx_HAL_Driver/Inc -I/data/long-term-storage/STM32Cube/Repository/STM32Cube_FW_F7_V1.14.0/Drivers/BSP/STM32F769I-Discovery -I/data/long-term-storage/STM32Cube/Repository/STM32Cube_FW_F7_V1.14.0/Drivers/BSP/Components -I../../../../STM32CubeExpansion_SBSFU_V2.1.0/Middlewares/ST/STM32_Secure_Engine/Core -I../../../../STM32CubeExpansion_SBSFU_V2.1.0/Middlewares/ST/STM32_Secure_Engine/Interface -Os -ffunction-sections -g3 -fstack-usage -Wall -fmessage-length=0 -Wno-format -Wno-strict-aliasing -specs=nano.specs -o Drivers/STM32F7xx_HAL_Driver/stm32f7xx_hal_pwr_ex.o 
arm-atollic-eabi-gcc -c ../../../../../../../long-term-storage/STM32Cube/Repository/STM32Cube_FW_F7_V1.14.0/Drivers/STM32F7xx_HAL_Driver/Src/stm32f7xx_hal_dma_ex.c -mthumb -mcpu=cortex-m7 -mfloat-abi=softfp -mfpu=fpv5-d16 -std=gnu11 -DUSE_HAL_DRIVER -DSTM32F769xx -DUSE_STM32F769I_DISCO -I../../../Core/Inc -I../../../SBSFU/App -I../../../SBSFU/Target -I../../../../2_Images_SECoreBin/Inc -I../../../../Linker_Common/SW4STM32 -I/data/long-term-storage/STM32Cube/Repository/STM32Cube_FW_F7_V1.14.0/Drivers/CMSIS/Include -I/data/long-term-storage/STM32Cube/Repository/STM32Cube_FW_F7_V1.14.0/Drivers/CMSIS/Device/ST/STM32F7xx/Include -I/data/long-term-storage/STM32Cube/Repository/STM32Cube_FW_F7_V1.14.0/Drivers/STM32F7xx_HAL_Driver/Inc -I/data/long-term-storage/STM32Cube/Repository/STM32Cube_FW_F7_V1.14.0/Drivers/BSP/STM32F769I-Discovery -I/data/long-term-storage/STM32Cube/Repository/STM32Cube_FW_F7_V1.14.0/Drivers/BSP/Components -I../../../../STM32CubeExpansion_SBSFU_V2.1.0/Middlewares/ST/STM32_Secure_Engine/Core -I../../../../STM32CubeExpansion_SBSFU_V2.1.0/Middlewares/ST/STM32_Secure_Engine/Interface -Os -ffunction-sections -g3 -fstack-usage -Wall -fmessage-length=0 -Wno-format -Wno-strict-aliasing -specs=nano.specs -o Drivers/STM32F7xx_HAL_Driver/stm32f7xx_hal_dma_ex.o 
arm-atollic-eabi-gcc -c ../../../../../../../long-term-storage/STM32Cube/Repository/STM32Cube_FW_F7_V1.14.0/Drivers/STM32F7xx_HAL_Driver/Src/stm32f7xx_hal_pwr.c -mthumb -mcpu=cortex-m7 -mfloat-abi=softfp -mfpu=fpv5-d16 -std=gnu11 -DUSE_HAL_DRIVER -DSTM32F769xx -DUSE_STM32F769I_DISCO -I../../../Core/Inc -I../../../SBSFU/App -I../../../SBSFU/Target -I../../../../2_Images_SECoreBin/Inc -I../../../../Linker_Common/SW4STM32 -I/data/long-term-storage/STM32Cube/Repository/STM32Cube_FW_F7_V1.14.0/Drivers/CMSIS/Include -I/data/long-term-storage/STM32Cube/Repository/STM32Cube_FW_F7_V1.14.0/Drivers/CMSIS/Device/ST/STM32F7xx/Include -I/data/long-term-storage/STM32Cube/Repository/STM32Cube_FW_F7_V1.14.0/Drivers/STM32F7xx_HAL_Driver/Inc -I/data/long-term-storage/STM32Cube/Repository/STM32Cube_FW_F7_V1.14.0/Drivers/BSP/STM32F769I-Discovery -I/data/long-term-storage/STM32Cube/Repository/STM32Cube_FW_F7_V1.14.0/Drivers/BSP/Components -I../../../../STM32CubeExpansion_SBSFU_V2.1.0/Middlewares/ST/STM32_Secure_Engine/Core -I../../../../STM32CubeExpansion_SBSFU_V2.1.0/Middlewares/ST/STM32_Secure_Engine/Interface -Os -ffunction-sections -g3 -fstack-usage -Wall -fmessage-length=0 -Wno-format -Wno-strict-aliasing -specs=nano.specs -o Drivers/STM32F7xx_HAL_Driver/stm32f7xx_hal_pwr.o 
arm-atollic-eabi-gcc -c ../../sfu_secorebin_Inc.c -mthumb -mcpu=cortex-m7 -mfloat-abi=softfp -mfpu=fpv5-d16 -std=gnu11 -DUSE_HAL_DRIVER -DSTM32F769xx -DUSE_STM32F769I_DISCO -I../../../Core/Inc -I../../../SBSFU/App -I../../../SBSFU/Target -I../../../../2_Images_SECoreBin/Inc -I../../../../Linker_Common/SW4STM32 -I/data/long-term-storage/STM32Cube/Repository/STM32Cube_FW_F7_V1.14.0/Drivers/CMSIS/Include -I/data/long-term-storage/STM32Cube/Repository/STM32Cube_FW_F7_V1.14.0/Drivers/CMSIS/Device/ST/STM32F7xx/Include -I/data/long-term-storage/STM32Cube/Repository/STM32Cube_FW_F7_V1.14.0/Drivers/STM32F7xx_HAL_Driver/Inc -I/data/long-term-storage/STM32Cube/Repository/STM32Cube_FW_F7_V1.14.0/Drivers/BSP/STM32F769I-Discovery -I/data/long-term-storage/STM32Cube/Repository/STM32Cube_FW_F7_V1.14.0/Drivers/BSP/Components -I../../../../STM32CubeExpansion_SBSFU_V2.1.0/Middlewares/ST/STM32_Secure_Engine/Core -I../../../../STM32CubeExpansion_SBSFU_V2.1.0/Middlewares/ST/STM32_Secure_Engine/Interface -Os -ffunction-sections -g3 -fstack-usage -Wall -fmessage-length=0 -Wno-format -Wno-strict-aliasing -specs=nano.specs -o Application/SW4STM32/sfu_secorebin_Inc.o 
arm-atollic-eabi-gcc -c ../../../../../../../long-term-storage/STM32Cube/Repository/STM32Cube_FW_F7_V1.14.0/Drivers/STM32F7xx_HAL_Driver/Src/stm32f7xx_hal.c -mthumb -mcpu=cortex-m7 -mfloat-abi=softfp -mfpu=fpv5-d16 -std=gnu11 -DUSE_HAL_DRIVER -DSTM32F769xx -DUSE_STM32F769I_DISCO -I../../../Core/Inc -I../../../SBSFU/App -I../../../SBSFU/Target -I../../../../2_Images_SECoreBin/Inc -I../../../../Linker_Common/SW4STM32 -I/data/long-term-storage/STM32Cube/Repository/STM32Cube_FW_F7_V1.14.0/Drivers/CMSIS/Include -I/data/long-term-storage/STM32Cube/Repository/STM32Cube_FW_F7_V1.14.0/Drivers/CMSIS/Device/ST/STM32F7xx/Include -I/data/long-term-storage/STM32Cube/Repository/STM32Cube_FW_F7_V1.14.0/Drivers/STM32F7xx_HAL_Driver/Inc -I/data/long-term-storage/STM32Cube/Repository/STM32Cube_FW_F7_V1.14.0/Drivers/BSP/STM32F769I-Discovery -I/data/long-term-storage/STM32Cube/Repository/STM32Cube_FW_F7_V1.14.0/Drivers/BSP/Components -I../../../../STM32CubeExpansion_SBSFU_V2.1.0/Middlewares/ST/STM32_Secure_Engine/Core -I../../../../STM32CubeExpansion_SBSFU_V2.1.0/Middlewares/ST/STM32_Secure_Engine/Interface -Os -ffunction-sections -g3 -fstack-usage -Wall -fmessage-length=0 -Wno-format -Wno-strict-aliasing -specs=nano.specs -o Drivers/STM32F7xx_HAL_Driver/stm32f7xx_hal.o 
arm-atollic-eabi-gcc -c -mthumb -mcpu=cortex-m7 -mfloat-abi=softfp -mfpu=fpv5-d16 -g -Wa,--warn -x assembler-with-cpp -specs=nano.specs -o Application/SW4STM32/startup_stm32f769xx.o ../../startup_stm32f769xx.s 
arm-atollic-eabi-gcc -c ../../../SBSFU/App/sfu_com_loader.c -mthumb -mcpu=cortex-m7 -mfloat-abi=softfp -mfpu=fpv5-d16 -std=gnu11 -DUSE_HAL_DRIVER -DSTM32F769xx -DUSE_STM32F769I_DISCO -I../../../Core/Inc -I../../../SBSFU/App -I../../../SBSFU/Target -I../../../../2_Images_SECoreBin/Inc -I../../../../Linker_Common/SW4STM32 -I/data/long-term-storage/STM32Cube/Repository/STM32Cube_FW_F7_V1.14.0/Drivers/CMSIS/Include -I/data/long-term-storage/STM32Cube/Repository/STM32Cube_FW_F7_V1.14.0/Drivers/CMSIS/Device/ST/STM32F7xx/Include -I/data/long-term-storage/STM32Cube/Repository/STM32Cube_FW_F7_V1.14.0/Drivers/STM32F7xx_HAL_Driver/Inc -I/data/long-term-storage/STM32Cube/Repository/STM32Cube_FW_F7_V1.14.0/Drivers/BSP/STM32F769I-Discovery -I/data/long-term-storage/STM32Cube/Repository/STM32Cube_FW_F7_V1.14.0/Drivers/BSP/Components -I../../../../STM32CubeExpansion_SBSFU_V2.1.0/Middlewares/ST/STM32_Secure_Engine/Core -I../../../../STM32CubeExpansion_SBSFU_V2.1.0/Middlewares/ST/STM32_Secure_Engine/Interface -Os -ffunction-sections -g3 -fstack-usage -Wall -fmessage-length=0 -Wno-format -Wno-strict-aliasing -specs=nano.specs -o Application/SBSFU/App/sfu_com_loader.o 
arm-atollic-eabi-gcc -c ../../../../../../../long-term-storage/STM32Cube/Repository/STM32Cube_FW_F7_V1.14.0/Drivers/STM32F7xx_HAL_Driver/Src/stm32f7xx_hal_iwdg.c -mthumb -mcpu=cortex-m7 -mfloat-abi=softfp -mfpu=fpv5-d16 -std=gnu11 -DUSE_HAL_DRIVER -DSTM32F769xx -DUSE_STM32F769I_DISCO -I../../../Core/Inc -I../../../SBSFU/App -I../../../SBSFU/Target -I../../../../2_Images_SECoreBin/Inc -I../../../../Linker_Common/SW4STM32 -I/data/long-term-storage/STM32Cube/Repository/STM32Cube_FW_F7_V1.14.0/Drivers/CMSIS/Include -I/data/long-term-storage/STM32Cube/Repository/STM32Cube_FW_F7_V1.14.0/Drivers/CMSIS/Device/ST/STM32F7xx/Include -I/data/long-term-storage/STM32Cube/Repository/STM32Cube_FW_F7_V1.14.0/Drivers/STM32F7xx_HAL_Driver/Inc -I/data/long-term-storage/STM32Cube/Repository/STM32Cube_FW_F7_V1.14.0/Drivers/BSP/STM32F769I-Discovery -I/data/long-term-storage/STM32Cube/Repository/STM32Cube_FW_F7_V1.14.0/Drivers/BSP/Components -I../../../../STM32CubeExpansion_SBSFU_V2.1.0/Middlewares/ST/STM32_Secure_Engine/Core -I../../../../STM32CubeExpansion_SBSFU_V2.1.0/Middlewares/ST/STM32_Secure_Engine/Interface -Os -ffunction-sections -g3 -fstack-usage -Wall -fmessage-length=0 -Wno-format -Wno-strict-aliasing -specs=nano.specs -o Drivers/STM32F7xx_HAL_Driver/stm32f7xx_hal_iwdg.o 
arm-atollic-eabi-gcc -c ../../../../../../../long-term-storage/STM32Cube/Repository/STM32Cube_FW_F7_V1.14.0/Drivers/STM32F7xx_HAL_Driver/Src/stm32f7xx_hal_tim.c -mthumb -mcpu=cortex-m7 -mfloat-abi=softfp -mfpu=fpv5-d16 -std=gnu11 -DUSE_HAL_DRIVER -DSTM32F769xx -DUSE_STM32F769I_DISCO -I../../../Core/Inc -I../../../SBSFU/App -I../../../SBSFU/Target -I../../../../2_Images_SECoreBin/Inc -I../../../../Linker_Common/SW4STM32 -I/data/long-term-storage/STM32Cube/Repository/STM32Cube_FW_F7_V1.14.0/Drivers/CMSIS/Include -I/data/long-term-storage/STM32Cube/Repository/STM32Cube_FW_F7_V1.14.0/Drivers/CMSIS/Device/ST/STM32F7xx/Include -I/data/long-term-storage/STM32Cube/Repository/STM32Cube_FW_F7_V1.14.0/Drivers/STM32F7xx_HAL_Driver/Inc -I/data/long-term-storage/STM32Cube/Repository/STM32Cube_FW_F7_V1.14.0/Drivers/BSP/STM32F769I-Discovery -I/data/long-term-storage/STM32Cube/Repository/STM32Cube_FW_F7_V1.14.0/Drivers/BSP/Components -I../../../../STM32CubeExpansion_SBSFU_V2.1.0/Middlewares/ST/STM32_Secure_Engine/Core -I../../../../STM32CubeExpansion_SBSFU_V2.1.0/Middlewares/ST/STM32_Secure_Engine/Interface -Os -ffunction-sections -g3 -fstack-usage -Wall -fmessage-length=0 -Wno-format -Wno-strict-aliasing -specs=nano.specs -o Drivers/STM32F7xx_HAL_Driver/stm32f7xx_hal_tim.o 
arm-atollic-eabi-gcc -c ../../../../../../../long-term-storage/STM32Cube/Repository/STM32Cube_FW_F7_V1.14.0/Drivers/STM32F7xx_HAL_Driver/Src/stm32f7xx_hal_flash_ex.c -mthumb -mcpu=cortex-m7 -mfloat-abi=softfp -mfpu=fpv5-d16 -std=gnu11 -DUSE_HAL_DRIVER -DSTM32F769xx -DUSE_STM32F769I_DISCO -I../../../Core/Inc -I../../../SBSFU/App -I../../../SBSFU/Target -I../../../../2_Images_SECoreBin/Inc -I../../../../Linker_Common/SW4STM32 -I/data/long-term-storage/STM32Cube/Repository/STM32Cube_FW_F7_V1.14.0/Drivers/CMSIS/Include -I/data/long-term-storage/STM32Cube/Repository/STM32Cube_FW_F7_V1.14.0/Drivers/CMSIS/Device/ST/STM32F7xx/Include -I/data/long-term-storage/STM32Cube/Repository/STM32Cube_FW_F7_V1.14.0/Drivers/STM32F7xx_HAL_Driver/Inc -I/data/long-term-storage/STM32Cube/Repository/STM32Cube_FW_F7_V1.14.0/Drivers/BSP/STM32F769I-Discovery -I/data/long-term-storage/STM32Cube/Repository/STM32Cube_FW_F7_V1.14.0/Drivers/BSP/Components -I../../../../STM32CubeExpansion_SBSFU_V2.1.0/Middlewares/ST/STM32_Secure_Engine/Core -I../../../../STM32CubeExpansion_SBSFU_V2.1.0/Middlewares/ST/STM32_Secure_Engine/Interface -Os -ffunction-sections -g3 -fstack-usage -Wall -fmessage-length=0 -Wno-format -Wno-strict-aliasing -specs=nano.specs -o Drivers/STM32F7xx_HAL_Driver/stm32f7xx_hal_flash_ex.o 
arm-atollic-eabi-gcc -c ../../../SBSFU/Target/sfu_low_level_security.c -mthumb -mcpu=cortex-m7 -mfloat-abi=softfp -mfpu=fpv5-d16 -std=gnu11 -DUSE_HAL_DRIVER -DSTM32F769xx -DUSE_STM32F769I_DISCO -I../../../Core/Inc -I../../../SBSFU/App -I../../../SBSFU/Target -I../../../../2_Images_SECoreBin/Inc -I../../../../Linker_Common/SW4STM32 -I/data/long-term-storage/STM32Cube/Repository/STM32Cube_FW_F7_V1.14.0/Drivers/CMSIS/Include -I/data/long-term-storage/STM32Cube/Repository/STM32Cube_FW_F7_V1.14.0/Drivers/CMSIS/Device/ST/STM32F7xx/Include -I/data/long-term-storage/STM32Cube/Repository/STM32Cube_FW_F7_V1.14.0/Drivers/STM32F7xx_HAL_Driver/Inc -I/data/long-term-storage/STM32Cube/Repository/STM32Cube_FW_F7_V1.14.0/Drivers/BSP/STM32F769I-Discovery -I/data/long-term-storage/STM32Cube/Repository/STM32Cube_FW_F7_V1.14.0/Drivers/BSP/Components -I../../../../STM32CubeExpansion_SBSFU_V2.1.0/Middlewares/ST/STM32_Secure_Engine/Core -I../../../../STM32CubeExpansion_SBSFU_V2.1.0/Middlewares/ST/STM32_Secure_Engine/Interface -Os -ffunction-sections -g3 -fstack-usage -Wall -fmessage-length=0 -Wno-format -Wno-strict-aliasing -specs=nano.specs -o Application/SBSFU/Target/sfu_low_level_security.o 
arm-atollic-eabi-gcc -c ../../../../../../../long-term-storage/STM32Cube/Repository/STM32Cube_FW_F7_V1.14.0/Drivers/STM32F7xx_HAL_Driver/Src/stm32f7xx_hal_adc_ex.c -mthumb -mcpu=cortex-m7 -mfloat-abi=softfp -mfpu=fpv5-d16 -std=gnu11 -DUSE_HAL_DRIVER -DSTM32F769xx -DUSE_STM32F769I_DISCO -I../../../Core/Inc -I../../../SBSFU/App -I../../../SBSFU/Target -I../../../../2_Images_SECoreBin/Inc -I../../../../Linker_Common/SW4STM32 -I/data/long-term-storage/STM32Cube/Repository/STM32Cube_FW_F7_V1.14.0/Drivers/CMSIS/Include -I/data/long-term-storage/STM32Cube/Repository/STM32Cube_FW_F7_V1.14.0/Drivers/CMSIS/Device/ST/STM32F7xx/Include -I/data/long-term-storage/STM32Cube/Repository/STM32Cube_FW_F7_V1.14.0/Drivers/STM32F7xx_HAL_Driver/Inc -I/data/long-term-storage/STM32Cube/Repository/STM32Cube_FW_F7_V1.14.0/Drivers/BSP/STM32F769I-Discovery -I/data/long-term-storage/STM32Cube/Repository/STM32Cube_FW_F7_V1.14.0/Drivers/BSP/Components -I../../../../STM32CubeExpansion_SBSFU_V2.1.0/Middlewares/ST/STM32_Secure_Engine/Core -I../../../../STM32CubeExpansion_SBSFU_V2.1.0/Middlewares/ST/STM32_Secure_Engine/Interface -Os -ffunction-sections -g3 -fstack-usage -Wall -fmessage-length=0 -Wno-format -Wno-strict-aliasing -specs=nano.specs -o Drivers/STM32F7xx_HAL_Driver/stm32f7xx_hal_adc_ex.o 
arm-atollic-eabi-gcc -c ../../../SBSFU/App/sfu_new_image.c -mthumb -mcpu=cortex-m7 -mfloat-abi=softfp -mfpu=fpv5-d16 -std=gnu11 -DUSE_HAL_DRIVER -DSTM32F769xx -DUSE_STM32F769I_DISCO -I../../../Core/Inc -I../../../SBSFU/App -I../../../SBSFU/Target -I../../../../2_Images_SECoreBin/Inc -I../../../../Linker_Common/SW4STM32 -I/data/long-term-storage/STM32Cube/Repository/STM32Cube_FW_F7_V1.14.0/Drivers/CMSIS/Include -I/data/long-term-storage/STM32Cube/Repository/STM32Cube_FW_F7_V1.14.0/Drivers/CMSIS/Device/ST/STM32F7xx/Include -I/data/long-term-storage/STM32Cube/Repository/STM32Cube_FW_F7_V1.14.0/Drivers/STM32F7xx_HAL_Driver/Inc -I/data/long-term-storage/STM32Cube/Repository/STM32Cube_FW_F7_V1.14.0/Drivers/BSP/STM32F769I-Discovery -I/data/long-term-storage/STM32Cube/Repository/STM32Cube_FW_F7_V1.14.0/Drivers/BSP/Components -I../../../../STM32CubeExpansion_SBSFU_V2.1.0/Middlewares/ST/STM32_Secure_Engine/Core -I../../../../STM32CubeExpansion_SBSFU_V2.1.0/Middlewares/ST/STM32_Secure_Engine/Interface -Os -ffunction-sections -g3 -fstack-usage -Wall -fmessage-length=0 -Wno-format -Wno-strict-aliasing -specs=nano.specs -o Application/SBSFU/App/sfu_new_image.o 
arm-atollic-eabi-gcc -c ../../../SBSFU/App/sfu_error.c -mthumb -mcpu=cortex-m7 -mfloat-abi=softfp -mfpu=fpv5-d16 -std=gnu11 -DUSE_HAL_DRIVER -DSTM32F769xx -DUSE_STM32F769I_DISCO -I../../../Core/Inc -I../../../SBSFU/App -I../../../SBSFU/Target -I../../../../2_Images_SECoreBin/Inc -I../../../../Linker_Common/SW4STM32 -I/data/long-term-storage/STM32Cube/Repository/STM32Cube_FW_F7_V1.14.0/Drivers/CMSIS/Include -I/data/long-term-storage/STM32Cube/Repository/STM32Cube_FW_F7_V1.14.0/Drivers/CMSIS/Device/ST/STM32F7xx/Include -I/data/long-term-storage/STM32Cube/Repository/STM32Cube_FW_F7_V1.14.0/Drivers/STM32F7xx_HAL_Driver/Inc -I/data/long-term-storage/STM32Cube/Repository/STM32Cube_FW_F7_V1.14.0/Drivers/BSP/STM32F769I-Discovery -I/data/long-term-storage/STM32Cube/Repository/STM32Cube_FW_F7_V1.14.0/Drivers/BSP/Components -I../../../../STM32CubeExpansion_SBSFU_V2.1.0/Middlewares/ST/STM32_Secure_Engine/Core -I../../../../STM32CubeExpansion_SBSFU_V2.1.0/Middlewares/ST/STM32_Secure_Engine/Interface -Os -ffunction-sections -g3 -fstack-usage -Wall -fmessage-length=0 -Wno-format -Wno-strict-aliasing -specs=nano.specs -o Application/SBSFU/App/sfu_error.o 
arm-atollic-eabi-gcc -c ../../../SBSFU/App/sfu_fwimg_services.c -mthumb -mcpu=cortex-m7 -mfloat-abi=softfp -mfpu=fpv5-d16 -std=gnu11 -DUSE_HAL_DRIVER -DSTM32F769xx -DUSE_STM32F769I_DISCO -I../../../Core/Inc -I../../../SBSFU/App -I../../../SBSFU/Target -I../../../../2_Images_SECoreBin/Inc -I../../../../Linker_Common/SW4STM32 -I/data/long-term-storage/STM32Cube/Repository/STM32Cube_FW_F7_V1.14.0/Drivers/CMSIS/Include -I/data/long-term-storage/STM32Cube/Repository/STM32Cube_FW_F7_V1.14.0/Drivers/CMSIS/Device/ST/STM32F7xx/Include -I/data/long-term-storage/STM32Cube/Repository/STM32Cube_FW_F7_V1.14.0/Drivers/STM32F7xx_HAL_Driver/Inc -I/data/long-term-storage/STM32Cube/Repository/STM32Cube_FW_F7_V1.14.0/Drivers/BSP/STM32F769I-Discovery -I/data/long-term-storage/STM32Cube/Repository/STM32Cube_FW_F7_V1.14.0/Drivers/BSP/Components -I../../../../STM32CubeExpansion_SBSFU_V2.1.0/Middlewares/ST/STM32_Secure_Engine/Core -I../../../../STM32CubeExpansion_SBSFU_V2.1.0/Middlewares/ST/STM32_Secure_Engine/Interface -Os -ffunction-sections -g3 -fstack-usage -Wall -fmessage-length=0 -Wno-format -Wno-strict-aliasing -specs=nano.specs -o Application/SBSFU/App/sfu_fwimg_services.o 
arm-atollic-eabi-gcc -c ../../../../STM32CubeExpansion_SBSFU_V2.1.0/Middlewares/ST/STM32_Secure_Engine/Core/se_interface_application.c -mthumb -mcpu=cortex-m7 -mfloat-abi=softfp -mfpu=fpv5-d16 -std=gnu11 -DUSE_HAL_DRIVER -DSTM32F769xx -DUSE_STM32F769I_DISCO -I../../../Core/Inc -I../../../SBSFU/App -I../../../SBSFU/Target -I../../../../2_Images_SECoreBin/Inc -I../../../../Linker_Common/SW4STM32 -I/data/long-term-storage/STM32Cube/Repository/STM32Cube_FW_F7_V1.14.0/Drivers/CMSIS/Include -I/data/long-term-storage/STM32Cube/Repository/STM32Cube_FW_F7_V1.14.0/Drivers/CMSIS/Device/ST/STM32F7xx/Include -I/data/long-term-storage/STM32Cube/Repository/STM32Cube_FW_F7_V1.14.0/Drivers/STM32F7xx_HAL_Driver/Inc -I/data/long-term-storage/STM32Cube/Repository/STM32Cube_FW_F7_V1.14.0/Drivers/BSP/STM32F769I-Discovery -I/data/long-term-storage/STM32Cube/Repository/STM32Cube_FW_F7_V1.14.0/Drivers/BSP/Components -I../../../../STM32CubeExpansion_SBSFU_V2.1.0/Middlewares/ST/STM32_Secure_Engine/Core -I../../../../STM32CubeExpansion_SBSFU_V2.1.0/Middlewares/ST/STM32_Secure_Engine/Interface -Os -ffunction-sections -g3 -fstack-usage -Wall -fmessage-length=0 -Wno-format -Wno-strict-aliasing -specs=nano.specs -o Middlewares/STM32_Secure_Engine/se_interface_application.o 
arm-atollic-eabi-gcc -c ../../../../../../../long-term-storage/STM32Cube/Repository/STM32Cube_FW_F7_V1.14.0/Drivers/STM32F7xx_HAL_Driver/Src/stm32f7xx_hal_i2c.c -mthumb -mcpu=cortex-m7 -mfloat-abi=softfp -mfpu=fpv5-d16 -std=gnu11 -DUSE_HAL_DRIVER -DSTM32F769xx -DUSE_STM32F769I_DISCO -I../../../Core/Inc -I../../../SBSFU/App -I../../../SBSFU/Target -I../../../../2_Images_SECoreBin/Inc -I../../../../Linker_Common/SW4STM32 -I/data/long-term-storage/STM32Cube/Repository/STM32Cube_FW_F7_V1.14.0/Drivers/CMSIS/Include -I/data/long-term-storage/STM32Cube/Repository/STM32Cube_FW_F7_V1.14.0/Drivers/CMSIS/Device/ST/STM32F7xx/Include -I/data/long-term-storage/STM32Cube/Repository/STM32Cube_FW_F7_V1.14.0/Drivers/STM32F7xx_HAL_Driver/Inc -I/data/long-term-storage/STM32Cube/Repository/STM32Cube_FW_F7_V1.14.0/Drivers/BSP/STM32F769I-Discovery -I/data/long-term-storage/STM32Cube/Repository/STM32Cube_FW_F7_V1.14.0/Drivers/BSP/Components -I../../../../STM32CubeExpansion_SBSFU_V2.1.0/Middlewares/ST/STM32_Secure_Engine/Core -I../../../../STM32CubeExpansion_SBSFU_V2.1.0/Middlewares/ST/STM32_Secure_Engine/Interface -Os -ffunction-sections -g3 -fstack-usage -Wall -fmessage-length=0 -Wno-format -Wno-strict-aliasing -specs=nano.specs -o Drivers/STM32F7xx_HAL_Driver/stm32f7xx_hal_i2c.o 
arm-atollic-eabi-gcc -c ../../../Core/Src/stm32f7xx_it.c -mthumb -mcpu=cortex-m7 -mfloat-abi=softfp -mfpu=fpv5-d16 -std=gnu11 -DUSE_HAL_DRIVER -DSTM32F769xx -DUSE_STM32F769I_DISCO -I../../../Core/Inc -I../../../SBSFU/App -I../../../SBSFU/Target -I../../../../2_Images_SECoreBin/Inc -I../../../../Linker_Common/SW4STM32 -I/data/long-term-storage/STM32Cube/Repository/STM32Cube_FW_F7_V1.14.0/Drivers/CMSIS/Include -I/data/long-term-storage/STM32Cube/Repository/STM32Cube_FW_F7_V1.14.0/Drivers/CMSIS/Device/ST/STM32F7xx/Include -I/data/long-term-storage/STM32Cube/Repository/STM32Cube_FW_F7_V1.14.0/Drivers/STM32F7xx_HAL_Driver/Inc -I/data/long-term-storage/STM32Cube/Repository/STM32Cube_FW_F7_V1.14.0/Drivers/BSP/STM32F769I-Discovery -I/data/long-term-storage/STM32Cube/Repository/STM32Cube_FW_F7_V1.14.0/Drivers/BSP/Components -I../../../../STM32CubeExpansion_SBSFU_V2.1.0/Middlewares/ST/STM32_Secure_Engine/Core -I../../../../STM32CubeExpansion_SBSFU_V2.1.0/Middlewares/ST/STM32_Secure_Engine/Interface -Os -ffunction-sections -g3 -fstack-usage -Wall -fmessage-length=0 -Wno-format -Wno-strict-aliasing -specs=nano.specs -o Application/Core/stm32f7xx_it.o 
arm-atollic-eabi-gcc -c ../../../SBSFU/App/sfu_fwimg_core.c -mthumb -mcpu=cortex-m7 -mfloat-abi=softfp -mfpu=fpv5-d16 -std=gnu11 -DUSE_HAL_DRIVER -DSTM32F769xx -DUSE_STM32F769I_DISCO -I../../../Core/Inc -I../../../SBSFU/App -I../../../SBSFU/Target -I../../../../2_Images_SECoreBin/Inc -I../../../../Linker_Common/SW4STM32 -I/data/long-term-storage/STM32Cube/Repository/STM32Cube_FW_F7_V1.14.0/Drivers/CMSIS/Include -I/data/long-term-storage/STM32Cube/Repository/STM32Cube_FW_F7_V1.14.0/Drivers/CMSIS/Device/ST/STM32F7xx/Include -I/data/long-term-storage/STM32Cube/Repository/STM32Cube_FW_F7_V1.14.0/Drivers/STM32F7xx_HAL_Driver/Inc -I/data/long-term-storage/STM32Cube/Repository/STM32Cube_FW_F7_V1.14.0/Drivers/BSP/STM32F769I-Discovery -I/data/long-term-storage/STM32Cube/Repository/STM32Cube_FW_F7_V1.14.0/Drivers/BSP/Components -I../../../../STM32CubeExpansion_SBSFU_V2.1.0/Middlewares/ST/STM32_Secure_Engine/Core -I../../../../STM32CubeExpansion_SBSFU_V2.1.0/Middlewares/ST/STM32_Secure_Engine/Interface -Os -ffunction-sections -g3 -fstack-usage -Wall -fmessage-length=0 -Wno-format -Wno-strict-aliasing -specs=nano.specs -o Application/SBSFU/App/sfu_fwimg_core.o 
arm-atollic-eabi-gcc -c ../../../SBSFU/App/sfu_mpu_isolation.c -mthumb -mcpu=cortex-m7 -mfloat-abi=softfp -mfpu=fpv5-d16 -std=gnu11 -DUSE_HAL_DRIVER -DSTM32F769xx -DUSE_STM32F769I_DISCO -I../../../Core/Inc -I../../../SBSFU/App -I../../../SBSFU/Target -I../../../../2_Images_SECoreBin/Inc -I../../../../Linker_Common/SW4STM32 -I/data/long-term-storage/STM32Cube/Repository/STM32Cube_FW_F7_V1.14.0/Drivers/CMSIS/Include -I/data/long-term-storage/STM32Cube/Repository/STM32Cube_FW_F7_V1.14.0/Drivers/CMSIS/Device/ST/STM32F7xx/Include -I/data/long-term-storage/STM32Cube/Repository/STM32Cube_FW_F7_V1.14.0/Drivers/STM32F7xx_HAL_Driver/Inc -I/data/long-term-storage/STM32Cube/Repository/STM32Cube_FW_F7_V1.14.0/Drivers/BSP/STM32F769I-Discovery -I/data/long-term-storage/STM32Cube/Repository/STM32Cube_FW_F7_V1.14.0/Drivers/BSP/Components -I../../../../STM32CubeExpansion_SBSFU_V2.1.0/Middlewares/ST/STM32_Secure_Engine/Core -I../../../../STM32CubeExpansion_SBSFU_V2.1.0/Middlewares/ST/STM32_Secure_Engine/Interface -Os -ffunction-sections -g3 -fstack-usage -Wall -fmessage-length=0 -Wno-format -Wno-strict-aliasing -specs=nano.specs -o Application/SBSFU/App/sfu_mpu_isolation.o 
arm-atollic-eabi-gcc -c ../../../../../../../long-term-storage/STM32Cube/Repository/STM32Cube_FW_F7_V1.14.0/Drivers/STM32F7xx_HAL_Driver/Src/stm32f7xx_hal_spi.c -mthumb -mcpu=cortex-m7 -mfloat-abi=softfp -mfpu=fpv5-d16 -std=gnu11 -DUSE_HAL_DRIVER -DSTM32F769xx -DUSE_STM32F769I_DISCO -I../../../Core/Inc -I../../../SBSFU/App -I../../../SBSFU/Target -I../../../../2_Images_SECoreBin/Inc -I../../../../Linker_Common/SW4STM32 -I/data/long-term-storage/STM32Cube/Repository/STM32Cube_FW_F7_V1.14.0/Drivers/CMSIS/Include -I/data/long-term-storage/STM32Cube/Repository/STM32Cube_FW_F7_V1.14.0/Drivers/CMSIS/Device/ST/STM32F7xx/Include -I/data/long-term-storage/STM32Cube/Repository/STM32Cube_FW_F7_V1.14.0/Drivers/STM32F7xx_HAL_Driver/Inc -I/data/long-term-storage/STM32Cube/Repository/STM32Cube_FW_F7_V1.14.0/Drivers/BSP/STM32F769I-Discovery -I/data/long-term-storage/STM32Cube/Repository/STM32Cube_FW_F7_V1.14.0/Drivers/BSP/Components -I../../../../STM32CubeExpansion_SBSFU_V2.1.0/Middlewares/ST/STM32_Secure_Engine/Core -I../../../../STM32CubeExpansion_SBSFU_V2.1.0/Middlewares/ST/STM32_Secure_Engine/Interface -Os -ffunction-sections -g3 -fstack-usage -Wall -fmessage-length=0 -Wno-format -Wno-strict-aliasing -specs=nano.specs -o Drivers/STM32F7xx_HAL_Driver/stm32f7xx_hal_spi.o 
arm-atollic-eabi-gcc -c ../../../../STM32CubeExpansion_SBSFU_V2.1.0/Middlewares/ST/STM32_Secure_Engine/Core/se_interface_bootloader.c -mthumb -mcpu=cortex-m7 -mfloat-abi=softfp -mfpu=fpv5-d16 -std=gnu11 -DUSE_HAL_DRIVER -DSTM32F769xx -DUSE_STM32F769I_DISCO -I../../../Core/Inc -I../../../SBSFU/App -I../../../SBSFU/Target -I../../../../2_Images_SECoreBin/Inc -I../../../../Linker_Common/SW4STM32 -I/data/long-term-storage/STM32Cube/Repository/STM32Cube_FW_F7_V1.14.0/Drivers/CMSIS/Include -I/data/long-term-storage/STM32Cube/Repository/STM32Cube_FW_F7_V1.14.0/Drivers/CMSIS/Device/ST/STM32F7xx/Include -I/data/long-term-storage/STM32Cube/Repository/STM32Cube_FW_F7_V1.14.0/Drivers/STM32F7xx_HAL_Driver/Inc -I/data/long-term-storage/STM32Cube/Repository/STM32Cube_FW_F7_V1.14.0/Drivers/BSP/STM32F769I-Discovery -I/data/long-term-storage/STM32Cube/Repository/STM32Cube_FW_F7_V1.14.0/Drivers/BSP/Components -I../../../../STM32CubeExpansion_SBSFU_V2.1.0/Middlewares/ST/STM32_Secure_Engine/Core -I../../../../STM32CubeExpansion_SBSFU_V2.1.0/Middlewares/ST/STM32_Secure_Engine/Interface -Os -ffunction-sections -g3 -fstack-usage -Wall -fmessage-length=0 -Wno-format -Wno-strict-aliasing -specs=nano.specs -o Middlewares/STM32_Secure_Engine/se_interface_bootloader.o 
arm-atollic-eabi-gcc -c ../../../../../../../long-term-storage/STM32Cube/Repository/STM32Cube_FW_F7_V1.14.0/Drivers/BSP/STM32F769I-Discovery/stm32f769i_discovery.c -mthumb -mcpu=cortex-m7 -mfloat-abi=softfp -mfpu=fpv5-d16 -std=gnu11 -DUSE_HAL_DRIVER -DSTM32F769xx -DUSE_STM32F769I_DISCO -I../../../Core/Inc -I../../../SBSFU/App -I../../../SBSFU/Target -I../../../../2_Images_SECoreBin/Inc -I../../../../Linker_Common/SW4STM32 -I/data/long-term-storage/STM32Cube/Repository/STM32Cube_FW_F7_V1.14.0/Drivers/CMSIS/Include -I/data/long-term-storage/STM32Cube/Repository/STM32Cube_FW_F7_V1.14.0/Drivers/CMSIS/Device/ST/STM32F7xx/Include -I/data/long-term-storage/STM32Cube/Repository/STM32Cube_FW_F7_V1.14.0/Drivers/STM32F7xx_HAL_Driver/Inc -I/data/long-term-storage/STM32Cube/Repository/STM32Cube_FW_F7_V1.14.0/Drivers/BSP/STM32F769I-Discovery -I/data/long-term-storage/STM32Cube/Repository/STM32Cube_FW_F7_V1.14.0/Drivers/BSP/Components -I../../../../STM32CubeExpansion_SBSFU_V2.1.0/Middlewares/ST/STM32_Secure_Engine/Core -I../../../../STM32CubeExpansion_SBSFU_V2.1.0/Middlewares/ST/STM32_Secure_Engine/Interface -Os -ffunction-sections -g3 -fstack-usage -Wall -fmessage-length=0 -Wno-format -Wno-strict-aliasing -specs=nano.specs -o Drivers/BSP/STM32F769I-Discovery/stm32f769i_discovery.o 
arm-atollic-eabi-gcc -c ../../../SBSFU/Target/sfu_low_level.c -mthumb -mcpu=cortex-m7 -mfloat-abi=softfp -mfpu=fpv5-d16 -std=gnu11 -DUSE_HAL_DRIVER -DSTM32F769xx -DUSE_STM32F769I_DISCO -I../../../Core/Inc -I../../../SBSFU/App -I../../../SBSFU/Target -I../../../../2_Images_SECoreBin/Inc -I../../../../Linker_Common/SW4STM32 -I/data/long-term-storage/STM32Cube/Repository/STM32Cube_FW_F7_V1.14.0/Drivers/CMSIS/Include -I/data/long-term-storage/STM32Cube/Repository/STM32Cube_FW_F7_V1.14.0/Drivers/CMSIS/Device/ST/STM32F7xx/Include -I/data/long-term-storage/STM32Cube/Repository/STM32Cube_FW_F7_V1.14.0/Drivers/STM32F7xx_HAL_Driver/Inc -I/data/long-term-storage/STM32Cube/Repository/STM32Cube_FW_F7_V1.14.0/Drivers/BSP/STM32F769I-Discovery -I/data/long-term-storage/STM32Cube/Repository/STM32Cube_FW_F7_V1.14.0/Drivers/BSP/Components -I../../../../STM32CubeExpansion_SBSFU_V2.1.0/Middlewares/ST/STM32_Secure_Engine/Core -I../../../../STM32CubeExpansion_SBSFU_V2.1.0/Middlewares/ST/STM32_Secure_Engine/Interface -Os -ffunction-sections -g3 -fstack-usage -Wall -fmessage-length=0 -Wno-format -Wno-strict-aliasing -specs=nano.specs -o Application/SBSFU/Target/sfu_low_level.o 
arm-atollic-eabi-gcc -c ../../../Core/Src/stm32f7xx_hal_msp.c -mthumb -mcpu=cortex-m7 -mfloat-abi=softfp -mfpu=fpv5-d16 -std=gnu11 -DUSE_HAL_DRIVER -DSTM32F769xx -DUSE_STM32F769I_DISCO -I../../../Core/Inc -I../../../SBSFU/App -I../../../SBSFU/Target -I../../../../2_Images_SECoreBin/Inc -I../../../../Linker_Common/SW4STM32 -I/data/long-term-storage/STM32Cube/Repository/STM32Cube_FW_F7_V1.14.0/Drivers/CMSIS/Include -I/data/long-term-storage/STM32Cube/Repository/STM32Cube_FW_F7_V1.14.0/Drivers/CMSIS/Device/ST/STM32F7xx/Include -I/data/long-term-storage/STM32Cube/Repository/STM32Cube_FW_F7_V1.14.0/Drivers/STM32F7xx_HAL_Driver/Inc -I/data/long-term-storage/STM32Cube/Repository/STM32Cube_FW_F7_V1.14.0/Drivers/BSP/STM32F769I-Discovery -I/data/long-term-storage/STM32Cube/Repository/STM32Cube_FW_F7_V1.14.0/Drivers/BSP/Components -I../../../../STM32CubeExpansion_SBSFU_V2.1.0/Middlewares/ST/STM32_Secure_Engine/Core -I../../../../STM32CubeExpansion_SBSFU_V2.1.0/Middlewares/ST/STM32_Secure_Engine/Interface -Os -ffunction-sections -g3 -fstack-usage -Wall -fmessage-length=0 -Wno-format -Wno-strict-aliasing -specs=nano.specs -o Application/Core/stm32f7xx_hal_msp.o 
arm-atollic-eabi-gcc -c ../../../../../../../long-term-storage/STM32Cube/Repository/STM32Cube_FW_F7_V1.14.0/Drivers/STM32F7xx_HAL_Driver/Src/stm32f7xx_hal_rcc_ex.c -mthumb -mcpu=cortex-m7 -mfloat-abi=softfp -mfpu=fpv5-d16 -std=gnu11 -DUSE_HAL_DRIVER -DSTM32F769xx -DUSE_STM32F769I_DISCO -I../../../Core/Inc -I../../../SBSFU/App -I../../../SBSFU/Target -I../../../../2_Images_SECoreBin/Inc -I../../../../Linker_Common/SW4STM32 -I/data/long-term-storage/STM32Cube/Repository/STM32Cube_FW_F7_V1.14.0/Drivers/CMSIS/Include -I/data/long-term-storage/STM32Cube/Repository/STM32Cube_FW_F7_V1.14.0/Drivers/CMSIS/Device/ST/STM32F7xx/Include -I/data/long-term-storage/STM32Cube/Repository/STM32Cube_FW_F7_V1.14.0/Drivers/STM32F7xx_HAL_Driver/Inc -I/data/long-term-storage/STM32Cube/Repository/STM32Cube_FW_F7_V1.14.0/Drivers/BSP/STM32F769I-Discovery -I/data/long-term-storage/STM32Cube/Repository/STM32Cube_FW_F7_V1.14.0/Drivers/BSP/Components -I../../../../STM32CubeExpansion_SBSFU_V2.1.0/Middlewares/ST/STM32_Secure_Engine/Core -I../../../../STM32CubeExpansion_SBSFU_V2.1.0/Middlewares/ST/STM32_Secure_Engine/Interface -Os -ffunction-sections -g3 -fstack-usage -Wall -fmessage-length=0 -Wno-format -Wno-strict-aliasing -specs=nano.specs -o Drivers/STM32F7xx_HAL_Driver/stm32f7xx_hal_rcc_ex.o 
arm-atollic-eabi-gcc -c ../../syscalls.c -mthumb -mcpu=cortex-m7 -mfloat-abi=softfp -mfpu=fpv5-d16 -std=gnu11 -DUSE_HAL_DRIVER -DSTM32F769xx -DUSE_STM32F769I_DISCO -I../../../Core/Inc -I../../../SBSFU/App -I../../../SBSFU/Target -I../../../../2_Images_SECoreBin/Inc -I../../../../Linker_Common/SW4STM32 -I/data/long-term-storage/STM32Cube/Repository/STM32Cube_FW_F7_V1.14.0/Drivers/CMSIS/Include -I/data/long-term-storage/STM32Cube/Repository/STM32Cube_FW_F7_V1.14.0/Drivers/CMSIS/Device/ST/STM32F7xx/Include -I/data/long-term-storage/STM32Cube/Repository/STM32Cube_FW_F7_V1.14.0/Drivers/STM32F7xx_HAL_Driver/Inc -I/data/long-term-storage/STM32Cube/Repository/STM32Cube_FW_F7_V1.14.0/Drivers/BSP/STM32F769I-Discovery -I/data/long-term-storage/STM32Cube/Repository/STM32Cube_FW_F7_V1.14.0/Drivers/BSP/Components -I../../../../STM32CubeExpansion_SBSFU_V2.1.0/Middlewares/ST/STM32_Secure_Engine/Core -I../../../../STM32CubeExpansion_SBSFU_V2.1.0/Middlewares/ST/STM32_Secure_Engine/Interface -Os -ffunction-sections -g3 -fstack-usage -Wall -fmessage-length=0 -Wno-format -Wno-strict-aliasing -specs=nano.specs -o Application/SW4STM32/syscalls.o 
arm-atollic-eabi-gcc -c ../../../../../../../long-term-storage/STM32Cube/Repository/STM32Cube_FW_F7_V1.14.0/Drivers/STM32F7xx_HAL_Driver/Src/stm32f7xx_hal_adc.c -mthumb -mcpu=cortex-m7 -mfloat-abi=softfp -mfpu=fpv5-d16 -std=gnu11 -DUSE_HAL_DRIVER -DSTM32F769xx -DUSE_STM32F769I_DISCO -I../../../Core/Inc -I../../../SBSFU/App -I../../../SBSFU/Target -I../../../../2_Images_SECoreBin/Inc -I../../../../Linker_Common/SW4STM32 -I/data/long-term-storage/STM32Cube/Repository/STM32Cube_FW_F7_V1.14.0/Drivers/CMSIS/Include -I/data/long-term-storage/STM32Cube/Repository/STM32Cube_FW_F7_V1.14.0/Drivers/CMSIS/Device/ST/STM32F7xx/Include -I/data/long-term-storage/STM32Cube/Repository/STM32Cube_FW_F7_V1.14.0/Drivers/STM32F7xx_HAL_Driver/Inc -I/data/long-term-storage/STM32Cube/Repository/STM32Cube_FW_F7_V1.14.0/Drivers/BSP/STM32F769I-Discovery -I/data/long-term-storage/STM32Cube/Repository/STM32Cube_FW_F7_V1.14.0/Drivers/BSP/Components -I../../../../STM32CubeExpansion_SBSFU_V2.1.0/Middlewares/ST/STM32_Secure_Engine/Core -I../../../../STM32CubeExpansion_SBSFU_V2.1.0/Middlewares/ST/STM32_Secure_Engine/Interface -Os -ffunction-sections -g3 -fstack-usage -Wall -fmessage-length=0 -Wno-format -Wno-strict-aliasing -specs=nano.specs -o Drivers/STM32F7xx_HAL_Driver/stm32f7xx_hal_adc.o 
arm-atollic-eabi-gcc -c ../../../Core/Src/main.c -mthumb -mcpu=cortex-m7 -mfloat-abi=softfp -mfpu=fpv5-d16 -std=gnu11 -DUSE_HAL_DRIVER -DSTM32F769xx -DUSE_STM32F769I_DISCO -I../../../Core/Inc -I../../../SBSFU/App -I../../../SBSFU/Target -I../../../../2_Images_SECoreBin/Inc -I../../../../Linker_Common/SW4STM32 -I/data/long-term-storage/STM32Cube/Repository/STM32Cube_FW_F7_V1.14.0/Drivers/CMSIS/Include -I/data/long-term-storage/STM32Cube/Repository/STM32Cube_FW_F7_V1.14.0/Drivers/CMSIS/Device/ST/STM32F7xx/Include -I/data/long-term-storage/STM32Cube/Repository/STM32Cube_FW_F7_V1.14.0/Drivers/STM32F7xx_HAL_Driver/Inc -I/data/long-term-storage/STM32Cube/Repository/STM32Cube_FW_F7_V1.14.0/Drivers/BSP/STM32F769I-Discovery -I/data/long-term-storage/STM32Cube/Repository/STM32Cube_FW_F7_V1.14.0/Drivers/BSP/Components -I../../../../STM32CubeExpansion_SBSFU_V2.1.0/Middlewares/ST/STM32_Secure_Engine/Core -I../../../../STM32CubeExpansion_SBSFU_V2.1.0/Middlewares/ST/STM32_Secure_Engine/Interface -Os -ffunction-sections -g3 -fstack-usage -Wall -fmessage-length=0 -Wno-format -Wno-strict-aliasing -specs=nano.specs -o Application/Core/main.o 
arm-atollic-eabi-gcc -c ../../../SBSFU/App/sfu_com_trace.c -mthumb -mcpu=cortex-m7 -mfloat-abi=softfp -mfpu=fpv5-d16 -std=gnu11 -DUSE_HAL_DRIVER -DSTM32F769xx -DUSE_STM32F769I_DISCO -I../../../Core/Inc -I../../../SBSFU/App -I../../../SBSFU/Target -I../../../../2_Images_SECoreBin/Inc -I../../../../Linker_Common/SW4STM32 -I/data/long-term-storage/STM32Cube/Repository/STM32Cube_FW_F7_V1.14.0/Drivers/CMSIS/Include -I/data/long-term-storage/STM32Cube/Repository/STM32Cube_FW_F7_V1.14.0/Drivers/CMSIS/Device/ST/STM32F7xx/Include -I/data/long-term-storage/STM32Cube/Repository/STM32Cube_FW_F7_V1.14.0/Drivers/STM32F7xx_HAL_Driver/Inc -I/data/long-term-storage/STM32Cube/Repository/STM32Cube_FW_F7_V1.14.0/Drivers/BSP/STM32F769I-Discovery -I/data/long-term-storage/STM32Cube/Repository/STM32Cube_FW_F7_V1.14.0/Drivers/BSP/Components -I../../../../STM32CubeExpansion_SBSFU_V2.1.0/Middlewares/ST/STM32_Secure_Engine/Core -I../../../../STM32CubeExpansion_SBSFU_V2.1.0/Middlewares/ST/STM32_Secure_Engine/Interface -Os -ffunction-sections -g3 -fstack-usage -Wall -fmessage-length=0 -Wno-format -Wno-strict-aliasing -specs=nano.specs -o Application/SBSFU/App/sfu_com_trace.o 
arm-atollic-eabi-gcc -c ../../../../../../../long-term-storage/STM32Cube/Repository/STM32Cube_FW_F7_V1.14.0/Drivers/STM32F7xx_HAL_Driver/Src/stm32f7xx_hal_rcc.c -mthumb -mcpu=cortex-m7 -mfloat-abi=softfp -mfpu=fpv5-d16 -std=gnu11 -DUSE_HAL_DRIVER -DSTM32F769xx -DUSE_STM32F769I_DISCO -I../../../Core/Inc -I../../../SBSFU/App -I../../../SBSFU/Target -I../../../../2_Images_SECoreBin/Inc -I../../../../Linker_Common/SW4STM32 -I/data/long-term-storage/STM32Cube/Repository/STM32Cube_FW_F7_V1.14.0/Drivers/CMSIS/Include -I/data/long-term-storage/STM32Cube/Repository/STM32Cube_FW_F7_V1.14.0/Drivers/CMSIS/Device/ST/STM32F7xx/Include -I/data/long-term-storage/STM32Cube/Repository/STM32Cube_FW_F7_V1.14.0/Drivers/STM32F7xx_HAL_Driver/Inc -I/data/long-term-storage/STM32Cube/Repository/STM32Cube_FW_F7_V1.14.0/Drivers/BSP/STM32F769I-Discovery -I/data/long-term-storage/STM32Cube/Repository/STM32Cube_FW_F7_V1.14.0/Drivers/BSP/Components -I../../../../STM32CubeExpansion_SBSFU_V2.1.0/Middlewares/ST/STM32_Secure_Engine/Core -I../../../../STM32CubeExpansion_SBSFU_V2.1.0/Middlewares/ST/STM32_Secure_Engine/Interface -Os -ffunction-sections -g3 -fstack-usage -Wall -fmessage-length=0 -Wno-format -Wno-strict-aliasing -specs=nano.specs -o Drivers/STM32F7xx_HAL_Driver/stm32f7xx_hal_rcc.o 
arm-atollic-eabi-gcc -c ../../../../STM32CubeExpansion_SBSFU_V2.1.0/Middlewares/ST/STM32_Secure_Engine/Core/se_interface_common.c -mthumb -mcpu=cortex-m7 -mfloat-abi=softfp -mfpu=fpv5-d16 -std=gnu11 -DUSE_HAL_DRIVER -DSTM32F769xx -DUSE_STM32F769I_DISCO -I../../../Core/Inc -I../../../SBSFU/App -I../../../SBSFU/Target -I../../../../2_Images_SECoreBin/Inc -I../../../../Linker_Common/SW4STM32 -I/data/long-term-storage/STM32Cube/Repository/STM32Cube_FW_F7_V1.14.0/Drivers/CMSIS/Include -I/data/long-term-storage/STM32Cube/Repository/STM32Cube_FW_F7_V1.14.0/Drivers/CMSIS/Device/ST/STM32F7xx/Include -I/data/long-term-storage/STM32Cube/Repository/STM32Cube_FW_F7_V1.14.0/Drivers/STM32F7xx_HAL_Driver/Inc -I/data/long-term-storage/STM32Cube/Repository/STM32Cube_FW_F7_V1.14.0/Drivers/BSP/STM32F769I-Discovery -I/data/long-term-storage/STM32Cube/Repository/STM32Cube_FW_F7_V1.14.0/Drivers/BSP/Components -I../../../../STM32CubeExpansion_SBSFU_V2.1.0/Middlewares/ST/STM32_Secure_Engine/Core -I../../../../STM32CubeExpansion_SBSFU_V2.1.0/Middlewares/ST/STM32_Secure_Engine/Interface -Os -ffunction-sections -g3 -fstack-usage -Wall -fmessage-length=0 -Wno-format -Wno-strict-aliasing -specs=nano.specs -o Middlewares/STM32_Secure_Engine/se_interface_common.o 
arm-atollic-eabi-gcc -c ../../../SBSFU/App/sfu_loader.c -mthumb -mcpu=cortex-m7 -mfloat-abi=softfp -mfpu=fpv5-d16 -std=gnu11 -DUSE_HAL_DRIVER -DSTM32F769xx -DUSE_STM32F769I_DISCO -I../../../Core/Inc -I../../../SBSFU/App -I../../../SBSFU/Target -I../../../../2_Images_SECoreBin/Inc -I../../../../Linker_Common/SW4STM32 -I/data/long-term-storage/STM32Cube/Repository/STM32Cube_FW_F7_V1.14.0/Drivers/CMSIS/Include -I/data/long-term-storage/STM32Cube/Repository/STM32Cube_FW_F7_V1.14.0/Drivers/CMSIS/Device/ST/STM32F7xx/Include -I/data/long-term-storage/STM32Cube/Repository/STM32Cube_FW_F7_V1.14.0/Drivers/STM32F7xx_HAL_Driver/Inc -I/data/long-term-storage/STM32Cube/Repository/STM32Cube_FW_F7_V1.14.0/Drivers/BSP/STM32F769I-Discovery -I/data/long-term-storage/STM32Cube/Repository/STM32Cube_FW_F7_V1.14.0/Drivers/BSP/Components -I../../../../STM32CubeExpansion_SBSFU_V2.1.0/Middlewares/ST/STM32_Secure_Engine/Core -I../../../../STM32CubeExpansion_SBSFU_V2.1.0/Middlewares/ST/STM32_Secure_Engine/Interface -Os -ffunction-sections -g3 -fstack-usage -Wall -fmessage-length=0 -Wno-format -Wno-strict-aliasing -specs=nano.specs -o Application/SBSFU/App/sfu_loader.o 
arm-atollic-eabi-gcc -c ../../../../../../../long-term-storage/STM32Cube/Repository/STM32Cube_FW_F7_V1.14.0/Drivers/STM32F7xx_HAL_Driver/Src/stm32f7xx_hal_crc.c -mthumb -mcpu=cortex-m7 -mfloat-abi=softfp -mfpu=fpv5-d16 -std=gnu11 -DUSE_HAL_DRIVER -DSTM32F769xx -DUSE_STM32F769I_DISCO -I../../../Core/Inc -I../../../SBSFU/App -I../../../SBSFU/Target -I../../../../2_Images_SECoreBin/Inc -I../../../../Linker_Common/SW4STM32 -I/data/long-term-storage/STM32Cube/Repository/STM32Cube_FW_F7_V1.14.0/Drivers/CMSIS/Include -I/data/long-term-storage/STM32Cube/Repository/STM32Cube_FW_F7_V1.14.0/Drivers/CMSIS/Device/ST/STM32F7xx/Include -I/data/long-term-storage/STM32Cube/Repository/STM32Cube_FW_F7_V1.14.0/Drivers/STM32F7xx_HAL_Driver/Inc -I/data/long-term-storage/STM32Cube/Repository/STM32Cube_FW_F7_V1.14.0/Drivers/BSP/STM32F769I-Discovery -I/data/long-term-storage/STM32Cube/Repository/STM32Cube_FW_F7_V1.14.0/Drivers/BSP/Components -I../../../../STM32CubeExpansion_SBSFU_V2.1.0/Middlewares/ST/STM32_Secure_Engine/Core -I../../../../STM32CubeExpansion_SBSFU_V2.1.0/Middlewares/ST/STM32_Secure_Engine/Interface -Os -ffunction-sections -g3 -fstack-usage -Wall -fmessage-length=0 -Wno-format -Wno-strict-aliasing -specs=nano.specs -o Drivers/STM32F7xx_HAL_Driver/stm32f7xx_hal_crc.o 
arm-atollic-eabi-gcc -c ../../../../../../../long-term-storage/STM32Cube/Repository/STM32Cube_FW_F7_V1.14.0/Drivers/STM32F7xx_HAL_Driver/Src/stm32f7xx_hal_gpio.c -mthumb -mcpu=cortex-m7 -mfloat-abi=softfp -mfpu=fpv5-d16 -std=gnu11 -DUSE_HAL_DRIVER -DSTM32F769xx -DUSE_STM32F769I_DISCO -I../../../Core/Inc -I../../../SBSFU/App -I../../../SBSFU/Target -I../../../../2_Images_SECoreBin/Inc -I../../../../Linker_Common/SW4STM32 -I/data/long-term-storage/STM32Cube/Repository/STM32Cube_FW_F7_V1.14.0/Drivers/CMSIS/Include -I/data/long-term-storage/STM32Cube/Repository/STM32Cube_FW_F7_V1.14.0/Drivers/CMSIS/Device/ST/STM32F7xx/Include -I/data/long-term-storage/STM32Cube/Repository/STM32Cube_FW_F7_V1.14.0/Drivers/STM32F7xx_HAL_Driver/Inc -I/data/long-term-storage/STM32Cube/Repository/STM32Cube_FW_F7_V1.14.0/Drivers/BSP/STM32F769I-Discovery -I/data/long-term-storage/STM32Cube/Repository/STM32Cube_FW_F7_V1.14.0/Drivers/BSP/Components -I../../../../STM32CubeExpansion_SBSFU_V2.1.0/Middlewares/ST/STM32_Secure_Engine/Core -I../../../../STM32CubeExpansion_SBSFU_V2.1.0/Middlewares/ST/STM32_Secure_Engine/Interface -Os -ffunction-sections -g3 -fstack-usage -Wall -fmessage-length=0 -Wno-format -Wno-strict-aliasing -specs=nano.specs -o Drivers/STM32F7xx_HAL_Driver/stm32f7xx_hal_gpio.o 
arm-atollic-eabi-gcc -c ../../../SBSFU/App/sfu_test.c -mthumb -mcpu=cortex-m7 -mfloat-abi=softfp -mfpu=fpv5-d16 -std=gnu11 -DUSE_HAL_DRIVER -DSTM32F769xx -DUSE_STM32F769I_DISCO -I../../../Core/Inc -I../../../SBSFU/App -I../../../SBSFU/Target -I../../../../2_Images_SECoreBin/Inc -I../../../../Linker_Common/SW4STM32 -I/data/long-term-storage/STM32Cube/Repository/STM32Cube_FW_F7_V1.14.0/Drivers/CMSIS/Include -I/data/long-term-storage/STM32Cube/Repository/STM32Cube_FW_F7_V1.14.0/Drivers/CMSIS/Device/ST/STM32F7xx/Include -I/data/long-term-storage/STM32Cube/Repository/STM32Cube_FW_F7_V1.14.0/Drivers/STM32F7xx_HAL_Driver/Inc -I/data/long-term-storage/STM32Cube/Repository/STM32Cube_FW_F7_V1.14.0/Drivers/BSP/STM32F769I-Discovery -I/data/long-term-storage/STM32Cube/Repository/STM32Cube_FW_F7_V1.14.0/Drivers/BSP/Components -I../../../../STM32CubeExpansion_SBSFU_V2.1.0/Middlewares/ST/STM32_Secure_Engine/Core -I../../../../STM32CubeExpansion_SBSFU_V2.1.0/Middlewares/ST/STM32_Secure_Engine/Interface -Os -ffunction-sections -g3 -fstack-usage -Wall -fmessage-length=0 -Wno-format -Wno-strict-aliasing -specs=nano.specs -o Application/SBSFU/App/sfu_test.o 
arm-atollic-eabi-gcc -c ../../../../../../../long-term-storage/STM32Cube/Repository/STM32Cube_FW_F7_V1.14.0/Drivers/STM32F7xx_HAL_Driver/Src/stm32f7xx_hal_cortex.c -mthumb -mcpu=cortex-m7 -mfloat-abi=softfp -mfpu=fpv5-d16 -std=gnu11 -DUSE_HAL_DRIVER -DSTM32F769xx -DUSE_STM32F769I_DISCO -I../../../Core/Inc -I../../../SBSFU/App -I../../../SBSFU/Target -I../../../../2_Images_SECoreBin/Inc -I../../../../Linker_Common/SW4STM32 -I/data/long-term-storage/STM32Cube/Repository/STM32Cube_FW_F7_V1.14.0/Drivers/CMSIS/Include -I/data/long-term-storage/STM32Cube/Repository/STM32Cube_FW_F7_V1.14.0/Drivers/CMSIS/Device/ST/STM32F7xx/Include -I/data/long-term-storage/STM32Cube/Repository/STM32Cube_FW_F7_V1.14.0/Drivers/STM32F7xx_HAL_Driver/Inc -I/data/long-term-storage/STM32Cube/Repository/STM32Cube_FW_F7_V1.14.0/Drivers/BSP/STM32F769I-Discovery -I/data/long-term-storage/STM32Cube/Repository/STM32Cube_FW_F7_V1.14.0/Drivers/BSP/Components -I../../../../STM32CubeExpansion_SBSFU_V2.1.0/Middlewares/ST/STM32_Secure_Engine/Core -I../../../../STM32CubeExpansion_SBSFU_V2.1.0/Middlewares/ST/STM32_Secure_Engine/Interface -Os -ffunction-sections -g3 -fstack-usage -Wall -fmessage-length=0 -Wno-format -Wno-strict-aliasing -specs=nano.specs -o Drivers/STM32F7xx_HAL_Driver/stm32f7xx_hal_cortex.o 
arm-atollic-eabi-gcc -c ../../../../../../../long-term-storage/STM32Cube/Repository/STM32Cube_FW_F7_V1.14.0/Drivers/CMSIS/Device/ST/STM32F7xx/Source/Templates/system_stm32f7xx.c -mthumb -mcpu=cortex-m7 -mfloat-abi=softfp -mfpu=fpv5-d16 -std=gnu11 -DUSE_HAL_DRIVER -DSTM32F769xx -DUSE_STM32F769I_DISCO -I../../../Core/Inc -I../../../SBSFU/App -I../../../SBSFU/Target -I../../../../2_Images_SECoreBin/Inc -I../../../../Linker_Common/SW4STM32 -I/data/long-term-storage/STM32Cube/Repository/STM32Cube_FW_F7_V1.14.0/Drivers/CMSIS/Include -I/data/long-term-storage/STM32Cube/Repository/STM32Cube_FW_F7_V1.14.0/Drivers/CMSIS/Device/ST/STM32F7xx/Include -I/data/long-term-storage/STM32Cube/Repository/STM32Cube_FW_F7_V1.14.0/Drivers/STM32F7xx_HAL_Driver/Inc -I/data/long-term-storage/STM32Cube/Repository/STM32Cube_FW_F7_V1.14.0/Drivers/BSP/STM32F769I-Discovery -I/data/long-term-storage/STM32Cube/Repository/STM32Cube_FW_F7_V1.14.0/Drivers/BSP/Components -I../../../../STM32CubeExpansion_SBSFU_V2.1.0/Middlewares/ST/STM32_Secure_Engine/Core -I../../../../STM32CubeExpansion_SBSFU_V2.1.0/Middlewares/ST/STM32_Secure_Engine/Interface -Os -ffunction-sections -g3 -fstack-usage -Wall -fmessage-length=0 -Wno-format -Wno-strict-aliasing -specs=nano.specs -o Drivers/CMSIS/system_stm32f7xx.o 
arm-atollic-eabi-gcc -c ../../../../../../../long-term-storage/STM32Cube/Repository/STM32Cube_FW_F7_V1.14.0/Drivers/STM32F7xx_HAL_Driver/Src/stm32f7xx_hal_rtc_ex.c -mthumb -mcpu=cortex-m7 -mfloat-abi=softfp -mfpu=fpv5-d16 -std=gnu11 -DUSE_HAL_DRIVER -DSTM32F769xx -DUSE_STM32F769I_DISCO -I../../../Core/Inc -I../../../SBSFU/App -I../../../SBSFU/Target -I../../../../2_Images_SECoreBin/Inc -I../../../../Linker_Common/SW4STM32 -I/data/long-term-storage/STM32Cube/Repository/STM32Cube_FW_F7_V1.14.0/Drivers/CMSIS/Include -I/data/long-term-storage/STM32Cube/Repository/STM32Cube_FW_F7_V1.14.0/Drivers/CMSIS/Device/ST/STM32F7xx/Include -I/data/long-term-storage/STM32Cube/Repository/STM32Cube_FW_F7_V1.14.0/Drivers/STM32F7xx_HAL_Driver/Inc -I/data/long-term-storage/STM32Cube/Repository/STM32Cube_FW_F7_V1.14.0/Drivers/BSP/STM32F769I-Discovery -I/data/long-term-storage/STM32Cube/Repository/STM32Cube_FW_F7_V1.14.0/Drivers/BSP/Components -I../../../../STM32CubeExpansion_SBSFU_V2.1.0/Middlewares/ST/STM32_Secure_Engine/Core -I../../../../STM32CubeExpansion_SBSFU_V2.1.0/Middlewares/ST/STM32_Secure_Engine/Interface -Os -ffunction-sections -g3 -fstack-usage -Wall -fmessage-length=0 -Wno-format -Wno-strict-aliasing -specs=nano.specs -o Drivers/STM32F7xx_HAL_Driver/stm32f7xx_hal_rtc_ex.o 
arm-atollic-eabi-gcc -c ../../../../../../../long-term-storage/STM32Cube/Repository/STM32Cube_FW_F7_V1.14.0/Drivers/STM32F7xx_HAL_Driver/Src/stm32f7xx_hal_uart.c -mthumb -mcpu=cortex-m7 -mfloat-abi=softfp -mfpu=fpv5-d16 -std=gnu11 -DUSE_HAL_DRIVER -DSTM32F769xx -DUSE_STM32F769I_DISCO -I../../../Core/Inc -I../../../SBSFU/App -I../../../SBSFU/Target -I../../../../2_Images_SECoreBin/Inc -I../../../../Linker_Common/SW4STM32 -I/data/long-term-storage/STM32Cube/Repository/STM32Cube_FW_F7_V1.14.0/Drivers/CMSIS/Include -I/data/long-term-storage/STM32Cube/Repository/STM32Cube_FW_F7_V1.14.0/Drivers/CMSIS/Device/ST/STM32F7xx/Include -I/data/long-term-storage/STM32Cube/Repository/STM32Cube_FW_F7_V1.14.0/Drivers/STM32F7xx_HAL_Driver/Inc -I/data/long-term-storage/STM32Cube/Repository/STM32Cube_FW_F7_V1.14.0/Drivers/BSP/STM32F769I-Discovery -I/data/long-term-storage/STM32Cube/Repository/STM32Cube_FW_F7_V1.14.0/Drivers/BSP/Components -I../../../../STM32CubeExpansion_SBSFU_V2.1.0/Middlewares/ST/STM32_Secure_Engine/Core -I../../../../STM32CubeExpansion_SBSFU_V2.1.0/Middlewares/ST/STM32_Secure_Engine/Interface -Os -ffunction-sections -g3 -fstack-usage -Wall -fmessage-length=0 -Wno-format -Wno-strict-aliasing -specs=nano.specs -o Drivers/STM32F7xx_HAL_Driver/stm32f7xx_hal_uart.o 
arm-atollic-eabi-gcc -o SBSFU.elf Application/Core/main.o Application/Core/stm32f7xx_hal_msp.o Application/Core/stm32f7xx_it.o Application/SBSFU/App/sfu_boot.o Application/SBSFU/App/sfu_com_loader.o Application/SBSFU/App/sfu_com_trace.o Application/SBSFU/App/sfu_error.o Application/SBSFU/App/sfu_fwimg_core.o Application/SBSFU/App/sfu_fwimg_services.o Application/SBSFU/App/sfu_loader.o Application/SBSFU/App/sfu_mpu_isolation.o Application/SBSFU/App/sfu_new_image.o Application/SBSFU/App/sfu_test.o Application/SBSFU/Target/sfu_low_level.o Application/SBSFU/Target/sfu_low_level_flash.o Application/SBSFU/Target/sfu_low_level_security.o Application/SW4STM32/sfu_se_mpu.o Application/SW4STM32/sfu_secorebin_Inc.o Application/SW4STM32/startup_stm32f769xx.o Application/SW4STM32/syscalls.o Drivers/BSP/STM32F769I-Discovery/stm32f769i_discovery.o Drivers/CMSIS/system_stm32f7xx.o Drivers/STM32F7xx_HAL_Driver/stm32f7xx_hal.o Drivers/STM32F7xx_HAL_Driver/stm32f7xx_hal_adc.o Drivers/STM32F7xx_HAL_Driver/stm32f7xx_hal_adc_ex.o Drivers/STM32F7xx_HAL_Driver/stm32f7xx_hal_cortex.o Drivers/STM32F7xx_HAL_Driver/stm32f7xx_hal_crc.o Drivers/STM32F7xx_HAL_Driver/stm32f7xx_hal_crc_ex.o Drivers/STM32F7xx_HAL_Driver/stm32f7xx_hal_dma.o Drivers/STM32F7xx_HAL_Driver/stm32f7xx_hal_dma_ex.o Drivers/STM32F7xx_HAL_Driver/stm32f7xx_hal_flash.o Drivers/STM32F7xx_HAL_Driver/stm32f7xx_hal_flash_ex.o Drivers/STM32F7xx_HAL_Driver/stm32f7xx_hal_gpio.o Drivers/STM32F7xx_HAL_Driver/stm32f7xx_hal_i2c.o Drivers/STM32F7xx_HAL_Driver/stm32f7xx_hal_i2c_ex.o Drivers/STM32F7xx_HAL_Driver/stm32f7xx_hal_iwdg.o Drivers/STM32F7xx_HAL_Driver/stm32f7xx_hal_pwr.o Drivers/STM32F7xx_HAL_Driver/stm32f7xx_hal_pwr_ex.o Drivers/STM32F7xx_HAL_Driver/stm32f7xx_hal_rcc.o Drivers/STM32F7xx_HAL_Driver/stm32f7xx_hal_rcc_ex.o Drivers/STM32F7xx_HAL_Driver/stm32f7xx_hal_rtc.o Drivers/STM32F7xx_HAL_Driver/stm32f7xx_hal_rtc_ex.o Drivers/STM32F7xx_HAL_Driver/stm32f7xx_hal_spi.o Drivers/STM32F7xx_HAL_Driver/stm32f7xx_hal_tim.o Drivers/STM32F7xx_HAL_Driver/stm32f7xx_hal_tim_ex.o Drivers/STM32F7xx_HAL_Driver/stm32f7xx_hal_uart.o Middlewares/STM32_Secure_Engine/se_interface_application.o Middlewares/STM32_Secure_Engine/se_interface_bootloader.o Middlewares/STM32_Secure_Engine/se_interface_common.o -mthumb -mcpu=cortex-m7 -mfloat-abi=softfp -mfpu=fpv5-d16 -T../STM32F769NIHx.ld -specs=nosys.specs -static -L../../../../Linker_Common/SW4STM32 -Wl,-Map=SBSFU.map -Wl,--gc-sections -Wl,--defsym=malloc_getpagesize_P=0x80 -Wl,--start-group -lc -lm -Wl,--end-group -specs=nano.specs 
/data/sdk/STMicroelectronics/atollic/9.3.0/ide/jre/bin/java -jar /data/sdk/STMicroelectronics/atollic/9.3.0/Tools/arm-atollic-reports.jar sizeinfo list SBSFU.elf 
Generate build reports...
Print size information
   text	   data	    bss	    dec	    hex	filename
  52296	    360	   6296	  58952	   e648	SBSFU.elf
Print size information done
Generate listing file
Output sent to: SBSFU.list
Generate listing file done
Generate build reports done
Info: Parallel threads used: 6
