23:58:38 **** Build of configuration Debug for project STM32F769I_Discovery_2_Images_SECoreBin ****
make -j6 all 
arm-atollic-eabi-gcc -c "/data/workspace/01-PROJECTS/OTA-DFU/STM32CubeExpansion_SBSFU_V2.1.0/Middlewares/ST/STM32_Secure_Engine/Core/se_bootinfo.c" -mthumb -mcpu=cortex-m7 -mfloat-abi=softfp -mfpu=fpv5-sp-d16 -std=gnu11 -DUSE_HAL_DRIVER -DSTM32F769xx -DUSE_STM32F769I_DISCO -I../../../Inc -I../../../../2_Images_SBSFU/SBSFU/App -I../../../../Linker_Common/SW4STM32 -I"/data/long-term-storage/STM32Cube/Repository/STM32Cube_FW_F7_V1.14.0/Drivers/CMSIS/Include" -I"../../../../STM32CubeExpansion_SBSFU_V2.1.0/Middlewares/ST/STM32_Secure_Engine/Key" -I"../../../../STM32CubeExpansion_SBSFU_V2.1.0/Middlewares/ST/STM32_Secure_Engine/Core" -I"../../../../STM32CubeExpansion_SBSFU_V2.1.0/Middlewares/ST/STM32_Cryptographic/Fw_Crypto/STM32F7/Inc" -I"/data/long-term-storage/STM32Cube/Repository/STM32Cube_FW_F7_V1.14.0/Drivers/BSP/Components" -I"/data/long-term-storage/STM32Cube/Repository/STM32Cube_FW_F7_V1.14.0/Drivers/BSP/STM32F769I-Discovery" -I"/data/long-term-storage/STM32Cube/Repository/STM32Cube_FW_F7_V1.14.0/Drivers/STM32F7xx_HAL_Driver/Inc" -I"/data/long-term-storage/STM32Cube/Repository/STM32Cube_FW_F7_V1.14.0/Drivers/CMSIS/Device/ST/STM32F7xx/Include" -Os -ffunction-sections -g3 -fstack-usage -Wall -fmessage-length=0 -Wno-strict-aliasing -MMD -MP -MF"Middlewares/STM32_Secure_Engine/se_bootinfo.d" -MT"Middlewares/STM32_Secure_Engine/se_bootinfo.o" -specs=nano.specs -o "Middlewares/STM32_Secure_Engine/se_bootinfo.o"
arm-atollic-eabi-gcc -c "/data/workspace/01-PROJECTS/OTA-DFU/STM32CubeExpansion_SBSFU_V2.1.0/Middlewares/ST/STM32_Secure_Engine/Core/se_callgate.c" -mthumb -mcpu=cortex-m7 -mfloat-abi=softfp -mfpu=fpv5-sp-d16 -std=gnu11 -DUSE_HAL_DRIVER -DSTM32F769xx -DUSE_STM32F769I_DISCO -I../../../Inc -I../../../../2_Images_SBSFU/SBSFU/App -I../../../../Linker_Common/SW4STM32 -I"/data/long-term-storage/STM32Cube/Repository/STM32Cube_FW_F7_V1.14.0/Drivers/CMSIS/Include" -I"../../../../STM32CubeExpansion_SBSFU_V2.1.0/Middlewares/ST/STM32_Secure_Engine/Key" -I"../../../../STM32CubeExpansion_SBSFU_V2.1.0/Middlewares/ST/STM32_Secure_Engine/Core" -I"../../../../STM32CubeExpansion_SBSFU_V2.1.0/Middlewares/ST/STM32_Cryptographic/Fw_Crypto/STM32F7/Inc" -I"/data/long-term-storage/STM32Cube/Repository/STM32Cube_FW_F7_V1.14.0/Drivers/BSP/Components" -I"/data/long-term-storage/STM32Cube/Repository/STM32Cube_FW_F7_V1.14.0/Drivers/BSP/STM32F769I-Discovery" -I"/data/long-term-storage/STM32Cube/Repository/STM32Cube_FW_F7_V1.14.0/Drivers/STM32F7xx_HAL_Driver/Inc" -I"/data/long-term-storage/STM32Cube/Repository/STM32Cube_FW_F7_V1.14.0/Drivers/CMSIS/Device/ST/STM32F7xx/Include" -Os -ffunction-sections -g3 -fstack-usage -Wall -fmessage-length=0 -Wno-strict-aliasing -MMD -MP -MF"Middlewares/STM32_Secure_Engine/se_callgate.d" -MT"Middlewares/STM32_Secure_Engine/se_callgate.o" -specs=nano.specs -o "Middlewares/STM32_Secure_Engine/se_callgate.o"
arm-atollic-eabi-gcc -c "/data/workspace/01-PROJECTS/OTA-DFU/STM32CubeExpansion_SBSFU_V2.1.0/Middlewares/ST/STM32_Secure_Engine/Core/se_crypto_common.c" -mthumb -mcpu=cortex-m7 -mfloat-abi=softfp -mfpu=fpv5-sp-d16 -std=gnu11 -DUSE_HAL_DRIVER -DSTM32F769xx -DUSE_STM32F769I_DISCO -I../../../Inc -I../../../../2_Images_SBSFU/SBSFU/App -I../../../../Linker_Common/SW4STM32 -I"/data/long-term-storage/STM32Cube/Repository/STM32Cube_FW_F7_V1.14.0/Drivers/CMSIS/Include" -I"../../../../STM32CubeExpansion_SBSFU_V2.1.0/Middlewares/ST/STM32_Secure_Engine/Key" -I"../../../../STM32CubeExpansion_SBSFU_V2.1.0/Middlewares/ST/STM32_Secure_Engine/Core" -I"../../../../STM32CubeExpansion_SBSFU_V2.1.0/Middlewares/ST/STM32_Cryptographic/Fw_Crypto/STM32F7/Inc" -I"/data/long-term-storage/STM32Cube/Repository/STM32Cube_FW_F7_V1.14.0/Drivers/BSP/Components" -I"/data/long-term-storage/STM32Cube/Repository/STM32Cube_FW_F7_V1.14.0/Drivers/BSP/STM32F769I-Discovery" -I"/data/long-term-storage/STM32Cube/Repository/STM32Cube_FW_F7_V1.14.0/Drivers/STM32F7xx_HAL_Driver/Inc" -I"/data/long-term-storage/STM32Cube/Repository/STM32Cube_FW_F7_V1.14.0/Drivers/CMSIS/Device/ST/STM32F7xx/Include" -Os -ffunction-sections -g3 -fstack-usage -Wall -fmessage-length=0 -Wno-strict-aliasing -MMD -MP -MF"Middlewares/STM32_Secure_Engine/se_crypto_common.d" -MT"Middlewares/STM32_Secure_Engine/se_crypto_common.o" -specs=nano.specs -o "Middlewares/STM32_Secure_Engine/se_crypto_common.o"
arm-atollic-eabi-gcc -c "/data/workspace/01-PROJECTS/OTA-DFU/STM32CubeExpansion_SBSFU_V2.1.0/Middlewares/ST/STM32_Secure_Engine/Core/se_exception.c" -mthumb -mcpu=cortex-m7 -mfloat-abi=softfp -mfpu=fpv5-sp-d16 -std=gnu11 -DUSE_HAL_DRIVER -DSTM32F769xx -DUSE_STM32F769I_DISCO -I../../../Inc -I../../../../2_Images_SBSFU/SBSFU/App -I../../../../Linker_Common/SW4STM32 -I"/data/long-term-storage/STM32Cube/Repository/STM32Cube_FW_F7_V1.14.0/Drivers/CMSIS/Include" -I"../../../../STM32CubeExpansion_SBSFU_V2.1.0/Middlewares/ST/STM32_Secure_Engine/Key" -I"../../../../STM32CubeExpansion_SBSFU_V2.1.0/Middlewares/ST/STM32_Secure_Engine/Core" -I"../../../../STM32CubeExpansion_SBSFU_V2.1.0/Middlewares/ST/STM32_Cryptographic/Fw_Crypto/STM32F7/Inc" -I"/data/long-term-storage/STM32Cube/Repository/STM32Cube_FW_F7_V1.14.0/Drivers/BSP/Components" -I"/data/long-term-storage/STM32Cube/Repository/STM32Cube_FW_F7_V1.14.0/Drivers/BSP/STM32F769I-Discovery" -I"/data/long-term-storage/STM32Cube/Repository/STM32Cube_FW_F7_V1.14.0/Drivers/STM32F7xx_HAL_Driver/Inc" -I"/data/long-term-storage/STM32Cube/Repository/STM32Cube_FW_F7_V1.14.0/Drivers/CMSIS/Device/ST/STM32F7xx/Include" -Os -ffunction-sections -g3 -fstack-usage -Wall -fmessage-length=0 -Wno-strict-aliasing -MMD -MP -MF"Middlewares/STM32_Secure_Engine/se_exception.d" -MT"Middlewares/STM32_Secure_Engine/se_exception.o" -specs=nano.specs -o "Middlewares/STM32_Secure_Engine/se_exception.o"
arm-atollic-eabi-gcc -c "/data/workspace/01-PROJECTS/OTA-DFU/STM32CubeExpansion_SBSFU_V2.1.0/Middlewares/ST/STM32_Secure_Engine/Core/se_fwimg.c" -mthumb -mcpu=cortex-m7 -mfloat-abi=softfp -mfpu=fpv5-sp-d16 -std=gnu11 -DUSE_HAL_DRIVER -DSTM32F769xx -DUSE_STM32F769I_DISCO -I../../../Inc -I../../../../2_Images_SBSFU/SBSFU/App -I../../../../Linker_Common/SW4STM32 -I"/data/long-term-storage/STM32Cube/Repository/STM32Cube_FW_F7_V1.14.0/Drivers/CMSIS/Include" -I"../../../../STM32CubeExpansion_SBSFU_V2.1.0/Middlewares/ST/STM32_Secure_Engine/Key" -I"../../../../STM32CubeExpansion_SBSFU_V2.1.0/Middlewares/ST/STM32_Secure_Engine/Core" -I"../../../../STM32CubeExpansion_SBSFU_V2.1.0/Middlewares/ST/STM32_Cryptographic/Fw_Crypto/STM32F7/Inc" -I"/data/long-term-storage/STM32Cube/Repository/STM32Cube_FW_F7_V1.14.0/Drivers/BSP/Components" -I"/data/long-term-storage/STM32Cube/Repository/STM32Cube_FW_F7_V1.14.0/Drivers/BSP/STM32F769I-Discovery" -I"/data/long-term-storage/STM32Cube/Repository/STM32Cube_FW_F7_V1.14.0/Drivers/STM32F7xx_HAL_Driver/Inc" -I"/data/long-term-storage/STM32Cube/Repository/STM32Cube_FW_F7_V1.14.0/Drivers/CMSIS/Device/ST/STM32F7xx/Include" -Os -ffunction-sections -g3 -fstack-usage -Wall -fmessage-length=0 -Wno-strict-aliasing -MMD -MP -MF"Middlewares/STM32_Secure_Engine/se_fwimg.d" -MT"Middlewares/STM32_Secure_Engine/se_fwimg.o" -specs=nano.specs -o "Middlewares/STM32_Secure_Engine/se_fwimg.o"
arm-atollic-eabi-gcc -c -mthumb -mcpu=cortex-m7 -mfloat-abi=softfp -mfpu=fpv5-sp-d16 -g -Wa,--warn -x assembler-with-cpp -specs=nano.specs -o "Middlewares/STM32_Secure_Engine/se_stack_smuggler_GNU.o" "/data/workspace/01-PROJECTS/OTA-DFU/STM32CubeExpansion_SBSFU_V2.1.0/Middlewares/ST/STM32_Secure_Engine/Core/se_stack_smuggler_GNU.s"
arm-atollic-eabi-gcc -c "/data/workspace/01-PROJECTS/OTA-DFU/STM32CubeExpansion_SBSFU_V2.1.0/Middlewares/ST/STM32_Secure_Engine/Core/se_startup.c" -mthumb -mcpu=cortex-m7 -mfloat-abi=softfp -mfpu=fpv5-sp-d16 -std=gnu11 -DUSE_HAL_DRIVER -DSTM32F769xx -DUSE_STM32F769I_DISCO -I../../../Inc -I../../../../2_Images_SBSFU/SBSFU/App -I../../../../Linker_Common/SW4STM32 -I"/data/long-term-storage/STM32Cube/Repository/STM32Cube_FW_F7_V1.14.0/Drivers/CMSIS/Include" -I"../../../../STM32CubeExpansion_SBSFU_V2.1.0/Middlewares/ST/STM32_Secure_Engine/Key" -I"../../../../STM32CubeExpansion_SBSFU_V2.1.0/Middlewares/ST/STM32_Secure_Engine/Core" -I"../../../../STM32CubeExpansion_SBSFU_V2.1.0/Middlewares/ST/STM32_Cryptographic/Fw_Crypto/STM32F7/Inc" -I"/data/long-term-storage/STM32Cube/Repository/STM32Cube_FW_F7_V1.14.0/Drivers/BSP/Components" -I"/data/long-term-storage/STM32Cube/Repository/STM32Cube_FW_F7_V1.14.0/Drivers/BSP/STM32F769I-Discovery" -I"/data/long-term-storage/STM32Cube/Repository/STM32Cube_FW_F7_V1.14.0/Drivers/STM32F7xx_HAL_Driver/Inc" -I"/data/long-term-storage/STM32Cube/Repository/STM32Cube_FW_F7_V1.14.0/Drivers/CMSIS/Device/ST/STM32F7xx/Include" -Os -ffunction-sections -g3 -fstack-usage -Wall -fmessage-length=0 -Wno-strict-aliasing -MMD -MP -MF"Middlewares/STM32_Secure_Engine/se_startup.d" -MT"Middlewares/STM32_Secure_Engine/se_startup.o" -specs=nano.specs -o "Middlewares/STM32_Secure_Engine/se_startup.o"
arm-atollic-eabi-gcc -c "/data/workspace/01-PROJECTS/OTA-DFU/STM32CubeExpansion_SBSFU_V2.1.0/Middlewares/ST/STM32_Secure_Engine/Core/se_user_application.c" -mthumb -mcpu=cortex-m7 -mfloat-abi=softfp -mfpu=fpv5-sp-d16 -std=gnu11 -DUSE_HAL_DRIVER -DSTM32F769xx -DUSE_STM32F769I_DISCO -I../../../Inc -I../../../../2_Images_SBSFU/SBSFU/App -I../../../../Linker_Common/SW4STM32 -I"/data/long-term-storage/STM32Cube/Repository/STM32Cube_FW_F7_V1.14.0/Drivers/CMSIS/Include" -I"../../../../STM32CubeExpansion_SBSFU_V2.1.0/Middlewares/ST/STM32_Secure_Engine/Key" -I"../../../../STM32CubeExpansion_SBSFU_V2.1.0/Middlewares/ST/STM32_Secure_Engine/Core" -I"../../../../STM32CubeExpansion_SBSFU_V2.1.0/Middlewares/ST/STM32_Cryptographic/Fw_Crypto/STM32F7/Inc" -I"/data/long-term-storage/STM32Cube/Repository/STM32Cube_FW_F7_V1.14.0/Drivers/BSP/Components" -I"/data/long-term-storage/STM32Cube/Repository/STM32Cube_FW_F7_V1.14.0/Drivers/BSP/STM32F769I-Discovery" -I"/data/long-term-storage/STM32Cube/Repository/STM32Cube_FW_F7_V1.14.0/Drivers/STM32F7xx_HAL_Driver/Inc" -I"/data/long-term-storage/STM32Cube/Repository/STM32Cube_FW_F7_V1.14.0/Drivers/CMSIS/Device/ST/STM32F7xx/Include" -Os -ffunction-sections -g3 -fstack-usage -Wall -fmessage-length=0 -Wno-strict-aliasing -MMD -MP -MF"Middlewares/STM32_Secure_Engine/se_user_application.d" -MT"Middlewares/STM32_Secure_Engine/se_user_application.o" -specs=nano.specs -o "Middlewares/STM32_Secure_Engine/se_user_application.o"
arm-atollic-eabi-gcc -c "/data/workspace/01-PROJECTS/OTA-DFU/STM32CubeExpansion_SBSFU_V2.1.0/Middlewares/ST/STM32_Secure_Engine/Core/se_utils.c" -mthumb -mcpu=cortex-m7 -mfloat-abi=softfp -mfpu=fpv5-sp-d16 -std=gnu11 -DUSE_HAL_DRIVER -DSTM32F769xx -DUSE_STM32F769I_DISCO -I../../../Inc -I../../../../2_Images_SBSFU/SBSFU/App -I../../../../Linker_Common/SW4STM32 -I"/data/long-term-storage/STM32Cube/Repository/STM32Cube_FW_F7_V1.14.0/Drivers/CMSIS/Include" -I"../../../../STM32CubeExpansion_SBSFU_V2.1.0/Middlewares/ST/STM32_Secure_Engine/Key" -I"../../../../STM32CubeExpansion_SBSFU_V2.1.0/Middlewares/ST/STM32_Secure_Engine/Core" -I"../../../../STM32CubeExpansion_SBSFU_V2.1.0/Middlewares/ST/STM32_Cryptographic/Fw_Crypto/STM32F7/Inc" -I"/data/long-term-storage/STM32Cube/Repository/STM32Cube_FW_F7_V1.14.0/Drivers/BSP/Components" -I"/data/long-term-storage/STM32Cube/Repository/STM32Cube_FW_F7_V1.14.0/Drivers/BSP/STM32F769I-Discovery" -I"/data/long-term-storage/STM32Cube/Repository/STM32Cube_FW_F7_V1.14.0/Drivers/STM32F7xx_HAL_Driver/Inc" -I"/data/long-term-storage/STM32Cube/Repository/STM32Cube_FW_F7_V1.14.0/Drivers/CMSIS/Device/ST/STM32F7xx/Include" -Os -ffunction-sections -g3 -fstack-usage -Wall -fmessage-length=0 -Wno-strict-aliasing -MMD -MP -MF"Middlewares/STM32_Secure_Engine/se_utils.d" -MT"Middlewares/STM32_Secure_Engine/se_utils.o" -specs=nano.specs -o "Middlewares/STM32_Secure_Engine/se_utils.o"
arm-atollic-eabi-gcc -c "/data/long-term-storage/STM32Cube/Repository/STM32Cube_FW_F7_V1.14.0/Drivers/STM32F7xx_HAL_Driver/Src/stm32f7xx_hal_crc.c" -mthumb -mcpu=cortex-m7 -mfloat-abi=softfp -mfpu=fpv5-sp-d16 -std=gnu11 -DUSE_HAL_DRIVER -DSTM32F769xx -DUSE_STM32F769I_DISCO -I../../../Inc -I../../../../2_Images_SBSFU/SBSFU/App -I../../../../Linker_Common/SW4STM32 -I"/data/long-term-storage/STM32Cube/Repository/STM32Cube_FW_F7_V1.14.0/Drivers/CMSIS/Include" -I"../../../../STM32CubeExpansion_SBSFU_V2.1.0/Middlewares/ST/STM32_Secure_Engine/Key" -I"../../../../STM32CubeExpansion_SBSFU_V2.1.0/Middlewares/ST/STM32_Secure_Engine/Core" -I"../../../../STM32CubeExpansion_SBSFU_V2.1.0/Middlewares/ST/STM32_Cryptographic/Fw_Crypto/STM32F7/Inc" -I"/data/long-term-storage/STM32Cube/Repository/STM32Cube_FW_F7_V1.14.0/Drivers/BSP/Components" -I"/data/long-term-storage/STM32Cube/Repository/STM32Cube_FW_F7_V1.14.0/Drivers/BSP/STM32F769I-Discovery" -I"/data/long-term-storage/STM32Cube/Repository/STM32Cube_FW_F7_V1.14.0/Drivers/STM32F7xx_HAL_Driver/Inc" -I"/data/long-term-storage/STM32Cube/Repository/STM32Cube_FW_F7_V1.14.0/Drivers/CMSIS/Device/ST/STM32F7xx/Include" -Os -ffunction-sections -g3 -fstack-usage -Wall -fmessage-length=0 -Wno-strict-aliasing -MMD -MP -MF"Drivers/STM32F7xx_HAL_Driver/stm32f7xx_hal_crc.d" -MT"Drivers/STM32F7xx_HAL_Driver/stm32f7xx_hal_crc.o" -specs=nano.specs -o "Drivers/STM32F7xx_HAL_Driver/stm32f7xx_hal_crc.o"
arm-atollic-eabi-gcc -c "/data/long-term-storage/STM32Cube/Repository/STM32Cube_FW_F7_V1.14.0/Drivers/STM32F7xx_HAL_Driver/Src/stm32f7xx_hal_crc_ex.c" -mthumb -mcpu=cortex-m7 -mfloat-abi=softfp -mfpu=fpv5-sp-d16 -std=gnu11 -DUSE_HAL_DRIVER -DSTM32F769xx -DUSE_STM32F769I_DISCO -I../../../Inc -I../../../../2_Images_SBSFU/SBSFU/App -I../../../../Linker_Common/SW4STM32 -I"/data/long-term-storage/STM32Cube/Repository/STM32Cube_FW_F7_V1.14.0/Drivers/CMSIS/Include" -I"../../../../STM32CubeExpansion_SBSFU_V2.1.0/Middlewares/ST/STM32_Secure_Engine/Key" -I"../../../../STM32CubeExpansion_SBSFU_V2.1.0/Middlewares/ST/STM32_Secure_Engine/Core" -I"../../../../STM32CubeExpansion_SBSFU_V2.1.0/Middlewares/ST/STM32_Cryptographic/Fw_Crypto/STM32F7/Inc" -I"/data/long-term-storage/STM32Cube/Repository/STM32Cube_FW_F7_V1.14.0/Drivers/BSP/Components" -I"/data/long-term-storage/STM32Cube/Repository/STM32Cube_FW_F7_V1.14.0/Drivers/BSP/STM32F769I-Discovery" -I"/data/long-term-storage/STM32Cube/Repository/STM32Cube_FW_F7_V1.14.0/Drivers/STM32F7xx_HAL_Driver/Inc" -I"/data/long-term-storage/STM32Cube/Repository/STM32Cube_FW_F7_V1.14.0/Drivers/CMSIS/Device/ST/STM32F7xx/Include" -Os -ffunction-sections -g3 -fstack-usage -Wall -fmessage-length=0 -Wno-strict-aliasing -MMD -MP -MF"Drivers/STM32F7xx_HAL_Driver/stm32f7xx_hal_crc_ex.d" -MT"Drivers/STM32F7xx_HAL_Driver/stm32f7xx_hal_crc_ex.o" -specs=nano.specs -o "Drivers/STM32F7xx_HAL_Driver/stm32f7xx_hal_crc_ex.o"
arm-atollic-eabi-gcc -c "/data/long-term-storage/STM32Cube/Repository/STM32Cube_FW_F7_V1.14.0/Drivers/STM32F7xx_HAL_Driver/Src/stm32f7xx_hal_flash.c" -mthumb -mcpu=cortex-m7 -mfloat-abi=softfp -mfpu=fpv5-sp-d16 -std=gnu11 -DUSE_HAL_DRIVER -DSTM32F769xx -DUSE_STM32F769I_DISCO -I../../../Inc -I../../../../2_Images_SBSFU/SBSFU/App -I../../../../Linker_Common/SW4STM32 -I"/data/long-term-storage/STM32Cube/Repository/STM32Cube_FW_F7_V1.14.0/Drivers/CMSIS/Include" -I"../../../../STM32CubeExpansion_SBSFU_V2.1.0/Middlewares/ST/STM32_Secure_Engine/Key" -I"../../../../STM32CubeExpansion_SBSFU_V2.1.0/Middlewares/ST/STM32_Secure_Engine/Core" -I"../../../../STM32CubeExpansion_SBSFU_V2.1.0/Middlewares/ST/STM32_Cryptographic/Fw_Crypto/STM32F7/Inc" -I"/data/long-term-storage/STM32Cube/Repository/STM32Cube_FW_F7_V1.14.0/Drivers/BSP/Components" -I"/data/long-term-storage/STM32Cube/Repository/STM32Cube_FW_F7_V1.14.0/Drivers/BSP/STM32F769I-Discovery" -I"/data/long-term-storage/STM32Cube/Repository/STM32Cube_FW_F7_V1.14.0/Drivers/STM32F7xx_HAL_Driver/Inc" -I"/data/long-term-storage/STM32Cube/Repository/STM32Cube_FW_F7_V1.14.0/Drivers/CMSIS/Device/ST/STM32F7xx/Include" -Os -ffunction-sections -g3 -fstack-usage -Wall -fmessage-length=0 -Wno-strict-aliasing -MMD -MP -MF"Drivers/STM32F7xx_HAL_Driver/stm32f7xx_hal_flash.d" -MT"Drivers/STM32F7xx_HAL_Driver/stm32f7xx_hal_flash.o" -specs=nano.specs -o "Drivers/STM32F7xx_HAL_Driver/stm32f7xx_hal_flash.o"
arm-atollic-eabi-gcc -c "/data/long-term-storage/STM32Cube/Repository/STM32Cube_FW_F7_V1.14.0/Drivers/STM32F7xx_HAL_Driver/Src/stm32f7xx_hal_flash_ex.c" -mthumb -mcpu=cortex-m7 -mfloat-abi=softfp -mfpu=fpv5-sp-d16 -std=gnu11 -DUSE_HAL_DRIVER -DSTM32F769xx -DUSE_STM32F769I_DISCO -I../../../Inc -I../../../../2_Images_SBSFU/SBSFU/App -I../../../../Linker_Common/SW4STM32 -I"/data/long-term-storage/STM32Cube/Repository/STM32Cube_FW_F7_V1.14.0/Drivers/CMSIS/Include" -I"../../../../STM32CubeExpansion_SBSFU_V2.1.0/Middlewares/ST/STM32_Secure_Engine/Key" -I"../../../../STM32CubeExpansion_SBSFU_V2.1.0/Middlewares/ST/STM32_Secure_Engine/Core" -I"../../../../STM32CubeExpansion_SBSFU_V2.1.0/Middlewares/ST/STM32_Cryptographic/Fw_Crypto/STM32F7/Inc" -I"/data/long-term-storage/STM32Cube/Repository/STM32Cube_FW_F7_V1.14.0/Drivers/BSP/Components" -I"/data/long-term-storage/STM32Cube/Repository/STM32Cube_FW_F7_V1.14.0/Drivers/BSP/STM32F769I-Discovery" -I"/data/long-term-storage/STM32Cube/Repository/STM32Cube_FW_F7_V1.14.0/Drivers/STM32F7xx_HAL_Driver/Inc" -I"/data/long-term-storage/STM32Cube/Repository/STM32Cube_FW_F7_V1.14.0/Drivers/CMSIS/Device/ST/STM32F7xx/Include" -Os -ffunction-sections -g3 -fstack-usage -Wall -fmessage-length=0 -Wno-strict-aliasing -MMD -MP -MF"Drivers/STM32F7xx_HAL_Driver/stm32f7xx_hal_flash_ex.d" -MT"Drivers/STM32F7xx_HAL_Driver/stm32f7xx_hal_flash_ex.o" -specs=nano.specs -o "Drivers/STM32F7xx_HAL_Driver/stm32f7xx_hal_flash_ex.o"
arm-atollic-eabi-gcc -c "/data/workspace/01-PROJECTS/OTA-DFU/2_Images_SECoreBin/Src/se_crypto_bootloader.c" -mthumb -mcpu=cortex-m7 -mfloat-abi=softfp -mfpu=fpv5-sp-d16 -std=gnu11 -DUSE_HAL_DRIVER -DSTM32F769xx -DUSE_STM32F769I_DISCO -I../../../Inc -I../../../../2_Images_SBSFU/SBSFU/App -I../../../../Linker_Common/SW4STM32 -I"/data/long-term-storage/STM32Cube/Repository/STM32Cube_FW_F7_V1.14.0/Drivers/CMSIS/Include" -I"../../../../STM32CubeExpansion_SBSFU_V2.1.0/Middlewares/ST/STM32_Secure_Engine/Key" -I"../../../../STM32CubeExpansion_SBSFU_V2.1.0/Middlewares/ST/STM32_Secure_Engine/Core" -I"../../../../STM32CubeExpansion_SBSFU_V2.1.0/Middlewares/ST/STM32_Cryptographic/Fw_Crypto/STM32F7/Inc" -I"/data/long-term-storage/STM32Cube/Repository/STM32Cube_FW_F7_V1.14.0/Drivers/BSP/Components" -I"/data/long-term-storage/STM32Cube/Repository/STM32Cube_FW_F7_V1.14.0/Drivers/BSP/STM32F769I-Discovery" -I"/data/long-term-storage/STM32Cube/Repository/STM32Cube_FW_F7_V1.14.0/Drivers/STM32F7xx_HAL_Driver/Inc" -I"/data/long-term-storage/STM32Cube/Repository/STM32Cube_FW_F7_V1.14.0/Drivers/CMSIS/Device/ST/STM32F7xx/Include" -Os -ffunction-sections -g3 -fstack-usage -Wall -fmessage-length=0 -Wno-strict-aliasing -MMD -MP -MF"Application/User/se_crypto_bootloader.d" -MT"Application/User/se_crypto_bootloader.o" -specs=nano.specs -o "Application/User/se_crypto_bootloader.o"
arm-atollic-eabi-gcc -c "/data/workspace/01-PROJECTS/OTA-DFU/2_Images_SECoreBin/Src/se_low_level.c" -mthumb -mcpu=cortex-m7 -mfloat-abi=softfp -mfpu=fpv5-sp-d16 -std=gnu11 -DUSE_HAL_DRIVER -DSTM32F769xx -DUSE_STM32F769I_DISCO -I../../../Inc -I../../../../2_Images_SBSFU/SBSFU/App -I../../../../Linker_Common/SW4STM32 -I"/data/long-term-storage/STM32Cube/Repository/STM32Cube_FW_F7_V1.14.0/Drivers/CMSIS/Include" -I"../../../../STM32CubeExpansion_SBSFU_V2.1.0/Middlewares/ST/STM32_Secure_Engine/Key" -I"../../../../STM32CubeExpansion_SBSFU_V2.1.0/Middlewares/ST/STM32_Secure_Engine/Core" -I"../../../../STM32CubeExpansion_SBSFU_V2.1.0/Middlewares/ST/STM32_Cryptographic/Fw_Crypto/STM32F7/Inc" -I"/data/long-term-storage/STM32Cube/Repository/STM32Cube_FW_F7_V1.14.0/Drivers/BSP/Components" -I"/data/long-term-storage/STM32Cube/Repository/STM32Cube_FW_F7_V1.14.0/Drivers/BSP/STM32F769I-Discovery" -I"/data/long-term-storage/STM32Cube/Repository/STM32Cube_FW_F7_V1.14.0/Drivers/STM32F7xx_HAL_Driver/Inc" -I"/data/long-term-storage/STM32Cube/Repository/STM32Cube_FW_F7_V1.14.0/Drivers/CMSIS/Device/ST/STM32F7xx/Include" -Os -ffunction-sections -g3 -fstack-usage -Wall -fmessage-length=0 -Wno-strict-aliasing -MMD -MP -MF"Application/User/se_low_level.d" -MT"Application/User/se_low_level.o" -specs=nano.specs -o "Application/User/se_low_level.o"
arm-atollic-eabi-gcc -c "/data/workspace/01-PROJECTS/OTA-DFU/2_Images_SECoreBin/SW4STM32/data_init.c" -mthumb -mcpu=cortex-m7 -mfloat-abi=softfp -mfpu=fpv5-sp-d16 -std=gnu11 -DUSE_HAL_DRIVER -DSTM32F769xx -DUSE_STM32F769I_DISCO -I../../../Inc -I../../../../2_Images_SBSFU/SBSFU/App -I../../../../Linker_Common/SW4STM32 -I"/data/long-term-storage/STM32Cube/Repository/STM32Cube_FW_F7_V1.14.0/Drivers/CMSIS/Include" -I"../../../../STM32CubeExpansion_SBSFU_V2.1.0/Middlewares/ST/STM32_Secure_Engine/Key" -I"../../../../STM32CubeExpansion_SBSFU_V2.1.0/Middlewares/ST/STM32_Secure_Engine/Core" -I"../../../../STM32CubeExpansion_SBSFU_V2.1.0/Middlewares/ST/STM32_Cryptographic/Fw_Crypto/STM32F7/Inc" -I"/data/long-term-storage/STM32Cube/Repository/STM32Cube_FW_F7_V1.14.0/Drivers/BSP/Components" -I"/data/long-term-storage/STM32Cube/Repository/STM32Cube_FW_F7_V1.14.0/Drivers/BSP/STM32F769I-Discovery" -I"/data/long-term-storage/STM32Cube/Repository/STM32Cube_FW_F7_V1.14.0/Drivers/STM32F7xx_HAL_Driver/Inc" -I"/data/long-term-storage/STM32Cube/Repository/STM32Cube_FW_F7_V1.14.0/Drivers/CMSIS/Device/ST/STM32F7xx/Include" -Os -ffunction-sections -g3 -fstack-usage -Wall -fmessage-length=0 -Wno-strict-aliasing -MMD -MP -MF"Application/SW4STM32/data_init.d" -MT"Application/SW4STM32/data_init.o" -specs=nano.specs -o "Application/SW4STM32/data_init.o"
arm-atollic-eabi-gcc -c -mthumb -mcpu=cortex-m7 -mfloat-abi=softfp -mfpu=fpv5-sp-d16 -g -Wa,--warn -x assembler-with-cpp -specs=nano.specs -o "Application/SW4STM32/se_key.o" "/data/workspace/01-PROJECTS/OTA-DFU/2_Images_SECoreBin/SW4STM32/se_key.s"
arm-atollic-eabi-gcc -o "SECoreBin.elf"  ./Middlewares/STM32_Secure_Engine/se_bootinfo.o ./Middlewares/STM32_Secure_Engine/se_callgate.o ./Middlewares/STM32_Secure_Engine/se_crypto_common.o ./Middlewares/STM32_Secure_Engine/se_exception.o ./Middlewares/STM32_Secure_Engine/se_fwimg.o ./Middlewares/STM32_Secure_Engine/se_stack_smuggler_GNU.o ./Middlewares/STM32_Secure_Engine/se_startup.o ./Middlewares/STM32_Secure_Engine/se_user_application.o ./Middlewares/STM32_Secure_Engine/se_utils.o  ./Drivers/STM32F7xx_HAL_Driver/stm32f7xx_hal_crc.o ./Drivers/STM32F7xx_HAL_Driver/stm32f7xx_hal_crc_ex.o ./Drivers/STM32F7xx_HAL_Driver/stm32f7xx_hal_flash.o ./Drivers/STM32F7xx_HAL_Driver/stm32f7xx_hal_flash_ex.o  ./Application/User/se_crypto_bootloader.o ./Application/User/se_low_level.o  ./Application/SW4STM32/data_init.o ./Application/SW4STM32/se_key.o   -l:libSTM32CryptographicV3.0.0_CM7_GCC.a -mthumb -mcpu=cortex-m7 -mfloat-abi=softfp -mfpu=fpv5-sp-d16 -T"../STM32F769NIHx.ld" -specs=nosys.specs -static -L../../../../Linker_Common/SW4STM32 -L"../../../../STM32CubeExpansion_SBSFU_V2.1.0/Middlewares/ST/STM32_Cryptographic/Fw_Crypto/STM32F7/Lib" "-Wl,-Map=SECoreBin.map" -Wl,--gc-sections -Wl,--defsym=malloc_getpagesize_P=0x80 -Wl,--start-group -lc -lm -Wl,--end-group -specs=nano.specs
"/data/sdk/STMicroelectronics/atollic/9.3.0/ide/jre/bin/java" -jar "/data/sdk/STMicroelectronics/atollic/9.3.0/Tools/arm-atollic-reports.jar" convert-binary sizeinfo list SECoreBin.elf
Generate build reports...
Converting build output to binary
Output sent to: SECoreBin.binary
Converting build output to binary done
Print size information
   text	   data	    bss	    dec	    hex	filename
  17738	     52	   2636	  20426	   4fca	SECoreBin.elf
Print size information done
Generate listing file
Output sent to: SECoreBin.list
Generate listing file done
Generate build reports done

23:58:39 Build Finished (took 912ms)

